Archive member included to satisfy reference by file (symbol)

C:/Program Files/STM32CubeIDE_1.16.1/STM32CubeIDE/plugins/com.st.stm32cube.ide.mcu.externaltools.gnu-tools-for-stm32.12.3.rel1.win32_1.0.200.202406191623/tools/bin/../lib/gcc/arm-none-eabi/12.3.1/../../../../arm-none-eabi/lib/thumb/v7-m/nofp\libc_nano.a(libc_a-exit.o)
                              C:/Program Files/STM32CubeIDE_1.16.1/STM32CubeIDE/plugins/com.st.stm32cube.ide.mcu.externaltools.gnu-tools-for-stm32.12.3.rel1.win32_1.0.200.202406191623/tools/bin/../lib/gcc/arm-none-eabi/12.3.1/../../../../arm-none-eabi/lib/thumb/v7-m/nofp/crt0.o (exit)
C:/Program Files/STM32CubeIDE_1.16.1/STM32CubeIDE/plugins/com.st.stm32cube.ide.mcu.externaltools.gnu-tools-for-stm32.12.3.rel1.win32_1.0.200.202406191623/tools/bin/../lib/gcc/arm-none-eabi/12.3.1/../../../../arm-none-eabi/lib/thumb/v7-m/nofp\libc_nano.a(libc_a-nano-vfprintf_float.o)
                              (_printf_float)
C:/Program Files/STM32CubeIDE_1.16.1/STM32CubeIDE/plugins/com.st.stm32cube.ide.mcu.externaltools.gnu-tools-for-stm32.12.3.rel1.win32_1.0.200.202406191623/tools/bin/../lib/gcc/arm-none-eabi/12.3.1/../../../../arm-none-eabi/lib/thumb/v7-m/nofp\libc_nano.a(libc_a-nano-vfprintf_i.o)
                              C:/Program Files/STM32CubeIDE_1.16.1/STM32CubeIDE/plugins/com.st.stm32cube.ide.mcu.externaltools.gnu-tools-for-stm32.12.3.rel1.win32_1.0.200.202406191623/tools/bin/../lib/gcc/arm-none-eabi/12.3.1/../../../../arm-none-eabi/lib/thumb/v7-m/nofp\libc_nano.a(libc_a-nano-vfprintf_float.o) (_printf_common)
C:/Program Files/STM32CubeIDE_1.16.1/STM32CubeIDE/plugins/com.st.stm32cube.ide.mcu.externaltools.gnu-tools-for-stm32.12.3.rel1.win32_1.0.200.202406191623/tools/bin/../lib/gcc/arm-none-eabi/12.3.1/../../../../arm-none-eabi/lib/thumb/v7-m/nofp\libc_nano.a(libc_a-findfp.o)
                              C:/Program Files/STM32CubeIDE_1.16.1/STM32CubeIDE/plugins/com.st.stm32cube.ide.mcu.externaltools.gnu-tools-for-stm32.12.3.rel1.win32_1.0.200.202406191623/tools/bin/../lib/gcc/arm-none-eabi/12.3.1/../../../../arm-none-eabi/lib/thumb/v7-m/nofp\libc_nano.a(libc_a-exit.o) (__stdio_exit_handler)
C:/Program Files/STM32CubeIDE_1.16.1/STM32CubeIDE/plugins/com.st.stm32cube.ide.mcu.externaltools.gnu-tools-for-stm32.12.3.rel1.win32_1.0.200.202406191623/tools/bin/../lib/gcc/arm-none-eabi/12.3.1/../../../../arm-none-eabi/lib/thumb/v7-m/nofp\libc_nano.a(libc_a-fwalk.o)
                              C:/Program Files/STM32CubeIDE_1.16.1/STM32CubeIDE/plugins/com.st.stm32cube.ide.mcu.externaltools.gnu-tools-for-stm32.12.3.rel1.win32_1.0.200.202406191623/tools/bin/../lib/gcc/arm-none-eabi/12.3.1/../../../../arm-none-eabi/lib/thumb/v7-m/nofp\libc_nano.a(libc_a-findfp.o) (_fwalk_sglue)
C:/Program Files/STM32CubeIDE_1.16.1/STM32CubeIDE/plugins/com.st.stm32cube.ide.mcu.externaltools.gnu-tools-for-stm32.12.3.rel1.win32_1.0.200.202406191623/tools/bin/../lib/gcc/arm-none-eabi/12.3.1/../../../../arm-none-eabi/lib/thumb/v7-m/nofp\libc_nano.a(libc_a-sprintf.o)
                              ./Bsp/Task/bsp_task.o (sprintf)
C:/Program Files/STM32CubeIDE_1.16.1/STM32CubeIDE/plugins/com.st.stm32cube.ide.mcu.externaltools.gnu-tools-for-stm32.12.3.rel1.win32_1.0.200.202406191623/tools/bin/../lib/gcc/arm-none-eabi/12.3.1/../../../../arm-none-eabi/lib/thumb/v7-m/nofp\libc_nano.a(libc_a-stdio.o)
                              C:/Program Files/STM32CubeIDE_1.16.1/STM32CubeIDE/plugins/com.st.stm32cube.ide.mcu.externaltools.gnu-tools-for-stm32.12.3.rel1.win32_1.0.200.202406191623/tools/bin/../lib/gcc/arm-none-eabi/12.3.1/../../../../arm-none-eabi/lib/thumb/v7-m/nofp\libc_nano.a(libc_a-findfp.o) (__sread)
C:/Program Files/STM32CubeIDE_1.16.1/STM32CubeIDE/plugins/com.st.stm32cube.ide.mcu.externaltools.gnu-tools-for-stm32.12.3.rel1.win32_1.0.200.202406191623/tools/bin/../lib/gcc/arm-none-eabi/12.3.1/../../../../arm-none-eabi/lib/thumb/v7-m/nofp\libc_nano.a(libc_a-memset.o)
                              C:/Program Files/STM32CubeIDE_1.16.1/STM32CubeIDE/plugins/com.st.stm32cube.ide.mcu.externaltools.gnu-tools-for-stm32.12.3.rel1.win32_1.0.200.202406191623/tools/bin/../lib/gcc/arm-none-eabi/12.3.1/../../../../arm-none-eabi/lib/thumb/v7-m/nofp/crt0.o (memset)
C:/Program Files/STM32CubeIDE_1.16.1/STM32CubeIDE/plugins/com.st.stm32cube.ide.mcu.externaltools.gnu-tools-for-stm32.12.3.rel1.win32_1.0.200.202406191623/tools/bin/../lib/gcc/arm-none-eabi/12.3.1/../../../../arm-none-eabi/lib/thumb/v7-m/nofp\libc_nano.a(libc_a-localeconv.o)
                              C:/Program Files/STM32CubeIDE_1.16.1/STM32CubeIDE/plugins/com.st.stm32cube.ide.mcu.externaltools.gnu-tools-for-stm32.12.3.rel1.win32_1.0.200.202406191623/tools/bin/../lib/gcc/arm-none-eabi/12.3.1/../../../../arm-none-eabi/lib/thumb/v7-m/nofp\libc_nano.a(libc_a-nano-vfprintf_float.o) (_localeconv_r)
[...]
Memory Configuration

Name             Origin             Length             Attributes
RAM              0x20000000         0x00010000         xrw
FLASH            0x08000000         0x00080000         xr
*default*        0x00000000         0xffffffff

Linker script and memory map

LOAD C:/Program Files/STM32CubeIDE_1.16.1/STM32CubeIDE/plugins/com.st.stm32cube.ide.mcu.externaltools.gnu-tools-for-stm32.12.3.rel1.win32_1.0.200.202406191623/tools/bin/../lib/gcc/arm-none-eabi/12.3.1/thumb/v7-m/nofp/crti.o
LOAD C:/Program Files/STM32CubeIDE_1.16.1/STM32CubeIDE/plugins/com.st.stm32cube.ide.mcu.externaltools.gnu-tools-for-stm32.12.3.rel1.win32_1.0.200.202406191623/tools/bin/../lib/gcc/arm-none-eabi/12.3.1/thumb/v7-m/nofp/crtbegin.o
LOAD C:/Program Files/STM32CubeIDE_1.16.1/STM32CubeIDE/plugins/com.st.stm32cube.ide.mcu.externaltools.gnu-tools-for-stm32.12.3.rel1.win32_1.0.200.202406191623/tools/bin/../lib/gcc/arm-none-eabi/12.3.1/../../../../arm-none-eabi/lib/thumb/v7-m/nofp/crt0.o
LOAD ./Bsp/Buzzer/bsp_buzzer.o
LOAD ./Bsp/Key/bsp_key.o
LOAD ./Bsp/OLED/bsp_oled.o
LOAD ./Bsp/OLED/bsp_oled_i2c.o
LOAD ./Bsp/OLED/oled_fonts.o
LOAD ./Bsp/PS2/app_ps2.o
LOAD ./Bsp/PS2/bsp_ps2.o
LOAD ./Bsp/RGB/bsp_rgb.o
LOAD ./Bsp/Task/bsp_task.o
LOAD ./Bsp/bsp.o
LOAD ./Bsp/delay/delay.o
LOAD ./Bsp/encoder/bsp_encoder.o
LOAD ./Bsp/freertos/bsp.freertos.o
LOAD ./Bsp/motor/app_motor.o
LOAD ./Bsp/motor/bsp_PID_motor.o
LOAD ./Bsp/motor/bsp_motor.o
LOAD ./Bsp/tim/bsp_tim.o
LOAD ./Bsp/timer_servo/pwm_servo.o
LOAD ./Bsp/ultrasonic/bsp_ultrasonic.o
LOAD ./Core/Src/adc.o
LOAD ./Core/Src/freertos.o
LOAD ./Core/Src/gpio.o
LOAD ./Core/Src/i2c.o
LOAD ./Core/Src/main.o
LOAD ./Core/Src/stm32f1xx_hal_msp.o
LOAD ./Core/Src/stm32f1xx_hal_timebase_tim.o
LOAD ./Core/Src/stm32f1xx_it.o
LOAD ./Core/Src/syscalls.o
LOAD ./Core/Src/sysmem.o
LOAD ./Core/Src/system_stm32f1xx.o
LOAD ./Core/Src/tim.o
LOAD ./Core/Startup/startup_stm32f103zetx.o
LOAD ./Drivers/STM32F1xx_HAL_Driver/Src/stm32f1xx_hal.o
LOAD ./Drivers/STM32F1xx_HAL_Driver/Src/stm32f1xx_hal_adc.o
LOAD ./Drivers/STM32F1xx_HAL_Driver/Src/stm32f1xx_hal_adc_ex.o
LOAD ./Drivers/STM32F1xx_HAL_Driver/Src/stm32f1xx_hal_cortex.o
LOAD ./Drivers/STM32F1xx_HAL_Driver/Src/stm32f1xx_hal_dma.o
LOAD ./Drivers/STM32F1xx_HAL_Driver/Src/stm32f1xx_hal_exti.o
LOAD ./Drivers/STM32F1xx_HAL_Driver/Src/stm32f1xx_hal_flash.o
LOAD ./Drivers/STM32F1xx_HAL_Driver/Src/stm32f1xx_hal_flash_ex.o
LOAD ./Drivers/STM32F1xx_HAL_Driver/Src/stm32f1xx_hal_gpio.o
LOAD ./Drivers/STM32F1xx_HAL_Driver/Src/stm32f1xx_hal_gpio_ex.o
LOAD ./Drivers/STM32F1xx_HAL_Driver/Src/stm32f1xx_hal_pwr.o
LOAD ./Drivers/STM32F1xx_HAL_Driver/Src/stm32f1xx_hal_rcc.o
LOAD ./Drivers/STM32F1xx_HAL_Driver/Src/stm32f1xx_hal_rcc_ex.o
LOAD ./Drivers/STM32F1xx_HAL_Driver/Src/stm32f1xx_hal_tim.o
LOAD ./Drivers/STM32F1xx_HAL_Driver/Src/stm32f1xx_hal_tim_ex.o
LOAD ./Drivers/STM32F1xx_HAL_Driver/Src/stm32f1xx_ll_dma.o
LOAD ./Drivers/STM32F1xx_HAL_Driver/Src/stm32f1xx_ll_exti.o
LOAD ./Drivers/STM32F1xx_HAL_Driver/Src/stm32f1xx_ll_gpio.o
LOAD ./Drivers/STM32F1xx_HAL_Driver/Src/stm32f1xx_ll_i2c.o
LOAD ./Drivers/STM32F1xx_HAL_Driver/Src/stm32f1xx_ll_rcc.o
LOAD ./Drivers/STM32F1xx_HAL_Driver/Src/stm32f1xx_ll_utils.o
LOAD ./Middlewares/Third_Party/FreeRTOS/Source/CMSIS_RTOS/cmsis_os.o
LOAD ./Middlewares/Third_Party/FreeRTOS/Source/croutine.o
LOAD ./Middlewares/Third_Party/FreeRTOS/Source/event_groups.o
LOAD ./Middlewares/Third_Party/FreeRTOS/Source/list.o
LOAD ./Middlewares/Third_Party/FreeRTOS/Source/queue.o
LOAD ./Middlewares/Third_Party/FreeRTOS/Source/stream_buffer.o
LOAD ./Middlewares/Third_Party/FreeRTOS/Source/tasks.o
LOAD ./Middlewares/Third_Party/FreeRTOS/Source/timers.o
LOAD ./Middlewares/Third_Party/FreeRTOS/Source/portable/GCC/ARM_CM3/port.o
LOAD ./Middlewares/Third_Party/FreeRTOS/Source/portable/MemMang/heap_4.o
START GROUP
LOAD C:/Program Files/STM32CubeIDE_1.16.1/STM32CubeIDE/plugins/com.st.stm32cube.ide.mcu.externaltools.gnu-tools-for-stm32.12.3.rel1.win32_1.0.200.202406191623/tools/bin/../lib/gcc/arm-none-eabi/12.3.1/../../../../arm-none-eabi/lib/thumb/v7-m/nofp\libc_nano.a
LOAD C:/Program Files/STM32CubeIDE_1.16.1/STM32CubeIDE/plugins/com.st.stm32cube.ide.mcu.externaltools.gnu-tools-for-stm32.12.3.rel1.win32_1.0.200.202406191623/tools/bin/../lib/gcc/arm-none-eabi/12.3.1/../../../../arm-none-eabi/lib/thumb/v7-m/nofp\libm.a
END GROUP
START GROUP
LOAD C:/Program Files/STM32CubeIDE_1.16.1/STM32CubeIDE/plugins/com.st.stm32cube.ide.mcu.externaltools.gnu-tools-for-stm32.12.3.rel1.win32_1.0.200.202406191623/tools/bin/../lib/gcc/arm-none-eabi/12.3.1/thumb/v7-m/nofp\libgcc.a
LOAD C:/Program Files/STM32CubeIDE_1.16.1/STM32CubeIDE/plugins/com.st.stm32cube.ide.mcu.externaltools.gnu-tools-for-stm32.12.3.rel1.win32_1.0.200.202406191623/tools/bin/../lib/gcc/arm-none-eabi/12.3.1/../../../../arm-none-eabi/lib/thumb/v7-m/nofp\libc_nano.a
END GROUP
START GROUP
LOAD C:/Program Files/STM32CubeIDE_1.16.1/STM32CubeIDE/plugins/com.st.stm32cube.ide.mcu.externaltools.gnu-tools-for-stm32.12.3.rel1.win32_1.0.200.202406191623/tools/bin/../lib/gcc/arm-none-eabi/12.3.1/thumb/v7-m/nofp\libgcc.a
LOAD C:/Program Files/STM32CubeIDE_1.16.1/STM32CubeIDE/plugins/com.st.stm32cube.ide.mcu.externaltools.gnu-tools-for-stm32.12.3.rel1.win32_1.0.200.202406191623/tools/bin/../lib/gcc/arm-none-eabi/12.3.1/../../../../arm-none-eabi/lib/thumb/v7-m/nofp\libc_nano.a
LOAD C:/Program Files/STM32CubeIDE_1.16.1/STM32CubeIDE/plugins/com.st.stm32cube.ide.mcu.externaltools.gnu-tools-for-stm32.12.3.rel1.win32_1.0.200.202406191623/tools/bin/../lib/gcc/arm-none-eabi/12.3.1/../../../../arm-none-eabi/lib/thumb/v7-m/nofp\libnosys.a
END GROUP
START GROUP
LOAD C:/Program Files/STM32CubeIDE_1.16.1/STM32CubeIDE/plugins/com.st.stm32cube.ide.mcu.externaltools.gnu-tools-for-stm32.12.3.rel1.win32_1.0.200.202406191623/tools/bin/../lib/gcc/arm-none-eabi/12.3.1/thumb/v7-m/nofp\libgcc.a
LOAD C:/Program Files/STM32CubeIDE_1.16.1/STM32CubeIDE/plugins/com.st.stm32cube.ide.mcu.externaltools.gnu-tools-for-stm32.12.3.rel1.win32_1.0.200.202406191623/tools/bin/../lib/gcc/arm-none-eabi/12.3.1/../../../../arm-none-eabi/lib/thumb/v7-m/nofp\libc_nano.a
LOAD C:/Program Files/STM32CubeIDE_1.16.1/STM32CubeIDE/plugins/com.st.stm32cube.ide.mcu.externaltools.gnu-tools-for-stm32.12.3.rel1.win32_1.0.200.202406191623/tools/bin/../lib/gcc/arm-none-eabi/12.3.1/../../../../arm-none-eabi/lib/thumb/v7-m/nofp\libnosys.a
END GROUP
LOAD C:/Program Files/STM32CubeIDE_1.16.1/STM32CubeIDE/plugins/com.st.stm32cube.ide.mcu.externaltools.gnu-tools-for-stm32.12.3.rel1.win32_1.0.200.202406191623/tools/bin/../lib/gcc/arm-none-eabi/12.3.1/thumb/v7-m/nofp/crtend.o
LOAD C:/Program Files/STM32CubeIDE_1.16.1/STM32CubeIDE/plugins/com.st.stm32cube.ide.mcu.externaltools.gnu-tools-for-stm32.12.3.rel1.win32_1.0.200.202406191623/tools/bin/../lib/gcc/arm-none-eabi/12.3.1/thumb/v7-m/nofp/crtn.o
                0x20010000                        _estack = (ORIGIN (RAM) + LENGTH (RAM))
                0x00000200                        _Min_Heap_Size = 0x200
                0x00000400                        _Min_Stack_Size = 0x400

.isr_vector     0x08000000      0x1e4
                0x08000000                        . = ALIGN (0x4)
 *(.isr_vector)
 .isr_vector    0x08000000      0x1e4 ./Core/Startup/startup_stm32f103zetx.o
                0x08000000                g_pfnVectors
                0x080001e4                        . = ALIGN (0x4)

.text           0x080001f0     0xda48
                0x080001f0                        . = ALIGN (0x4)
 *(.text)
 .text          0x080001f0       0x40 C:/Program Files/STM32CubeIDE_1.16.1/STM32CubeIDE/plugins/com.st.stm32cube.ide.mcu.externaltools.gnu-tools-for-stm32.12.3.rel1.win32_1.0.200.202406191623/tools/bin/../lib/gcc/arm-none-eabi/12.3.1/thumb/v7-m/nofp/crtbegin.o
 .text          0x08000230       0x10 C:/Program Files/STM32CubeIDE_1.16.1/STM32CubeIDE/plugins/com.st.stm32cube.ide.mcu.externaltools.gnu-tools-for-stm32.12.3.rel1.win32_1.0.200.202406191623/tools/bin/../lib/gcc/arm-none-eabi/12.3.1/../../../../arm-none-eabi/lib/thumb/v7-m/nofp\libc_nano.a(libc_a-strlen.o)
                0x08000230                strlen
 .text          0x08000240      0x378 C:/Program Files/STM32CubeIDE_1.16.1/STM32CubeIDE/plugins/com.st.stm32cube.ide.mcu.externaltools.gnu-tools-for-stm32.12.3.rel1.win32_1.0.200.202406191623/tools/bin/../lib/gcc/arm-none-eabi/12.3.1/thumb/v7-m/nofp\libgcc.a(_arm_addsubdf3.o)
                0x08000240                __aeabi_drsub
                0x08000248                __aeabi_dsub
                0x08000248                __subdf3
                0x0800024c                __aeabi_dadd
                0x0800024c                __adddf3
                0x080004c4                __floatunsidf
                0x080004c4                __aeabi_ui2d
                0x080004e4                __floatsidf
                0x080004e4                __aeabi_i2d
                0x08000508                __aeabi_f2d
                0x08000508                __extendsfdf2
                0x0800054c                __floatundidf
                0x0800054c                __aeabi_ul2d
                0x0800055c                __floatdidf
                0x0800055c                __aeabi_l2d
 .text          0x080005b8      0x424 C:/Program Files/STM32CubeIDE_1.16.1/STM32CubeIDE/plugins/com.st.stm32cube.ide.mcu.externaltools.gnu-tools-for-stm32.12.3.rel1.win32_1.0.200.202406191623/tools/bin/../lib/gcc/arm-none-eabi/12.3.1/thumb/v7-m/nofp\libgcc.a(_arm_muldivdf3.o)
                0x080005b8                __aeabi_dmul
                0x080005b8                __muldf3
                0x0800080c                __divdf3
                0x0800080c                __aeabi_ddiv
 .text          0x080009dc      0x110 C:/Program Files/STM32CubeIDE_1.16.1/STM32CubeIDE/plugins/com.st.stm32cube.ide.mcu.externaltools.gnu-tools-for-stm32.12.3.rel1.win32_1.0.200.202406191623/tools/bin/../lib/gcc/arm-none-eabi/12.3.1/thumb/v7-m/nofp\libgcc.a(_arm_cmpdf2.o)
                0x080009dc                __gtdf2
                0x080009dc                __gedf2
                0x080009e4                __ltdf2
                0x080009e4                __ledf2
                0x080009ec                __nedf2
                0x080009ec                __eqdf2
                0x080009ec                __cmpdf2
                0x08000a68                __aeabi_cdrcmple
                0x08000a78                __aeabi_cdcmpeq
                0x08000a78                __aeabi_cdcmple
                0x08000a88                __aeabi_dcmpeq
                0x08000a9c                __aeabi_dcmplt
                0x08000ab0                __aeabi_dcmple
                0x08000ac4                __aeabi_dcmpge
                0x08000ad8                __aeabi_dcmpgt
 .text          0x08000aec       0x2c C:/Program Files/STM32CubeIDE_1.16.1/STM32CubeIDE/plugins/com.st.stm32cube.ide.mcu.externaltools.gnu-tools-for-stm32.12.3.rel1.win32_1.0.200.202406191623/tools/bin/../lib/gcc/arm-none-eabi/12.3.1/thumb/v7-m/nofp\libgcc.a(_arm_unorddf2.o)
                0x08000aec                __unorddf2
                0x08000aec                __aeabi_dcmpun
 .text          0x08000b18       0x50 C:/Program Files/STM32CubeIDE_1.16.1/STM32CubeIDE/plugins/com.st.stm32cube.ide.mcu.externaltools.gnu-tools-for-stm32.12.3.rel1.win32_1.0.200.202406191623/tools/bin/../lib/gcc/arm-none-eabi/12.3.1/thumb/v7-m/nofp\libgcc.a(_arm_fixdfsi.o)
                0x08000b18                __aeabi_d2iz
                0x08000b18                __fixdfsi
 .text          0x08000b68       0xa0 C:/Program Files/STM32CubeIDE_1.16.1/STM32CubeIDE/plugins/com.st.stm32cube.ide.mcu.externaltools.gnu-tools-for-stm32.12.3.rel1.win32_1.0.200.202406191623/tools/bin/../lib/gcc/arm-none-eabi/12.3.1/thumb/v7-m/nofp\libgcc.a(_arm_truncdfsf2.o)
                0x08000b68                __truncdfsf2
                0x08000b68                __aeabi_d2f
 .text          0x08000c08      0x21c C:/Program Files/STM32CubeIDE_1.16.1/STM32CubeIDE/plugins/com.st.stm32cube.ide.mcu.externaltools.gnu-tools-for-stm32.12.3.rel1.win32_1.0.200.202406191623/tools/bin/../lib/gcc/arm-none-eabi/12.3.1/thumb/v7-m/nofp\libgcc.a(_arm_addsubsf3.o)
                0x08000c08                __aeabi_frsub
                0x08000c10                __subsf3
                0x08000c10                __aeabi_fsub
                0x08000c14                __aeabi_fadd
                0x08000c14                __addsf3
                0x08000d74                __aeabi_ui2f
                0x08000d74                __floatunsisf
                0x08000d7c                __aeabi_i2f
                0x08000d7c                __floatsisf
                0x08000d98                __aeabi_ul2f
                0x08000d98                __floatundisf
                0x08000da8                __aeabi_l2f
                0x08000da8                __floatdisf
 .text          0x08000e24      0x2a0 C:/Program Files/STM32CubeIDE_1.16.1/STM32CubeIDE/plugins/com.st.stm32cube.ide.mcu.externaltools.gnu-tools-for-stm32.12.3.rel1.win32_1.0.200.202406191623/tools/bin/../lib/gcc/arm-none-eabi/12.3.1/thumb/v7-m/nofp\libgcc.a(_arm_muldivsf3.o)
                0x08000e24                __mulsf3
                0x08000e24                __aeabi_fmul
                0x08000f8c                __aeabi_fdiv
                0x08000f8c                __divsf3
 .text          0x080010c4       0xec C:/Program Files/STM32CubeIDE_1.16.1/STM32CubeIDE/plugins/com.st.stm32cube.ide.mcu.externaltools.gnu-tools-for-stm32.12.3.rel1.win32_1.0.200.202406191623/tools/bin/../lib/gcc/arm-none-eabi/12.3.1/thumb/v7-m/nofp\libgcc.a(_arm_cmpsf2.o)
                0x080010c4                __gesf2
                0x080010c4                __gtsf2
                0x080010cc                __lesf2
                0x080010cc                __ltsf2
                0x080010d4                __nesf2
                0x080010d4                __eqsf2
                0x080010d4                __cmpsf2
                0x08001134                __aeabi_cfrcmple
                0x0800113c                __aeabi_cfcmpeq
                0x0800113c                __aeabi_cfcmple
                0x0800114c                __aeabi_fcmpeq
                0x08001160                __aeabi_fcmplt
                0x08001174                __aeabi_fcmple
                0x08001188                __aeabi_fcmpge
                0x0800119c                __aeabi_fcmpgt
 .text          0x080011b0       0x4c C:/Program Files/STM32CubeIDE_1.16.1/STM32CubeIDE/plugins/com.st.stm32cube.ide.mcu.externaltools.gnu-tools-for-stm32.12.3.rel1.win32_1.0.200.202406191623/tools/bin/../lib/gcc/arm-none-eabi/12.3.1/thumb/v7-m/nofp\libgcc.a(_arm_fixsfsi.o)
                0x080011b0                __aeabi_f2iz
                0x080011b0                __fixsfsi
 *(.text*)
 .text.Set_Buzzer
                0x080011fc       0x38 ./Bsp/Buzzer/bsp_buzzer.o
                0x080011fc                Set_Buzzer
 .text.Key1_is_Press
                0x08001234       0x20 ./Bsp/Key/bsp_key.o
 .text.Key2_is_Press
                0x08001254       0x20 ./Bsp/Key/bsp_key.o
 .text.Key3_is_Press
                0x08001274       0x20 ./Bsp/Key/bsp_key.o
 .text.Key1_State
                0x08001294       0x64 ./Bsp/Key/bsp_key.o
                0x08001294                Key1_State
 .text.Key2_State
                0x080012f8       0x64 ./Bsp/Key/bsp_key.o
                0x080012f8                Key2_State
 .text.Key3_State
                0x0800135c       0x64 ./Bsp/Key/bsp_key.o
                0x0800135c                Key3_State
 .text.LL_I2C_IsActiveFlag_BUSY
                0x080013c0       0x24 ./Bsp/OLED/bsp_oled.o
 .text.LL_I2C_GenerateStartCondition
                0x080013e4       0x1e ./Bsp/OLED/bsp_oled.o
 .text.LL_I2C_GenerateStopCondition
                0x08001402       0x1e ./Bsp/OLED/bsp_oled.o
 .text.LL_I2C_TransmitData8
                0x08001420       0x26 ./Bsp/OLED/bsp_oled.o
 *fill*         0x08001446        0x2 
 .text.I2C_WriteByte
                0x08001448       0xa0 ./Bsp/OLED/bsp_oled.o
                0x08001448                I2C_WriteByte
 .text.OLED_Init
                0x080014e8      0x114 ./Bsp/OLED/bsp_oled.o
                0x080014e8                OLED_Init
 .text.SSD1306_UpdateScreen
                0x080015fc       0x6c ./Bsp/OLED/bsp_oled.o
                0x080015fc                SSD1306_UpdateScreen
 .text.SSD1306_Fill
                0x08001668       0x30 ./Bsp/OLED/bsp_oled.o
                0x08001668                SSD1306_Fill
 .text.SSD1306_DrawPixel
                0x08001698       0xbc ./Bsp/OLED/bsp_oled.o
                0x08001698                SSD1306_DrawPixel
 .text.SSD1306_GotoXY
                0x08001754       0x2c ./Bsp/OLED/bsp_oled.o
                0x08001754                SSD1306_GotoXY
 .text.SSD1306_Putc
                0x08001780       0xfc ./Bsp/OLED/bsp_oled.o
                0x08001780                SSD1306_Putc
 .text.SSD1306_Puts
                0x0800187c       0x4a ./Bsp/OLED/bsp_oled.o
                0x0800187c                SSD1306_Puts
 .text.OLED_Clear
                0x080018c6        0xe ./Bsp/OLED/bsp_oled.o
                0x080018c6                OLED_Clear
 .text.OLED_Refresh
                0x080018d4        0xc ./Bsp/OLED/bsp_oled.o
                0x080018d4                OLED_Refresh
 .text.OLED_Draw_String
                0x080018e0       0x54 ./Bsp/OLED/bsp_oled.o
                0x080018e0                OLED_Draw_String
 .text.OLED_Draw_Line
                0x08001934       0x4e ./Bsp/OLED/bsp_oled.o
                0x08001934                OLED_Draw_Line
 *fill*         0x08001982        0x2 
 .text.OLED_QuickChat
                0x08001984      0x1e8 ./Bsp/OLED/bsp_oled.o
                0x08001984                OLED_QuickChat
 .text.LL_I2C_Enable
                0x08001b6c       0x1e ./Bsp/OLED/bsp_oled_i2c.o
 *fill*         0x08001b8a        0x2 
 .text.I2C1_OLED_Init
                0x08001b8c       0x14 ./Bsp/OLED/bsp_oled_i2c.o
                0x08001b8c                I2C1_OLED_Init
 .text.I2C_Send7bitAddress
                0x08001ba0       0x38 ./Bsp/OLED/bsp_oled_i2c.o
                0x08001ba0                I2C_Send7bitAddress
 .text.I2C_CheckEvent
                0x08001bd8       0x5a ./Bsp/OLED/bsp_oled_i2c.o
                0x08001bd8                I2C_CheckEvent
 *fill*         0x08001c32        0x2 
 .text.User_PS2_Control
                0x08001c34      0x45c ./Bsp/PS2/app_ps2.o
                0x08001c34                User_PS2_Control
 .text.PS2_Cmd  0x08002090       0xb0 ./Bsp/PS2/bsp_ps2.o
                0x08002090                PS2_Cmd
 .text.PS2_ReadData
                0x08002140       0xd4 ./Bsp/PS2/bsp_ps2.o
                0x08002140                PS2_ReadData
 .text.PS2_DataKey
                0x08002214       0x74 ./Bsp/PS2/bsp_ps2.o
                0x08002214                PS2_DataKey
 .text.PS2_AnologData
                0x08002288       0x20 ./Bsp/PS2/bsp_ps2.o
                0x08002288                PS2_AnologData
 .text.PS2_ClearData
                0x080022a8       0x30 ./Bsp/PS2/bsp_ps2.o
                0x080022a8                PS2_ClearData
 .text.PS2_ShortPoll
                0x080022d8       0x4c ./Bsp/PS2/bsp_ps2.o
                0x080022d8                PS2_ShortPoll
 .text.PS2_EnterConfing
                0x08002324       0x64 ./Bsp/PS2/bsp_ps2.o
                0x08002324                PS2_EnterConfing
 .text.PS2_TurnOnAnalogMode
                0x08002388       0x5c ./Bsp/PS2/bsp_ps2.o
                0x08002388                PS2_TurnOnAnalogMode
 .text.PS2_ExitConfing
                0x080023e4       0x64 ./Bsp/PS2/bsp_ps2.o
                0x080023e4                PS2_ExitConfing
 .text.PS2_SetInit
                0x08002448       0x20 ./Bsp/PS2/bsp_ps2.o
                0x08002448                PS2_SetInit
 .text.Set_RGB  0x08002468       0x9c ./Bsp/RGB/bsp_rgb.o
                0x08002468                Set_RGB
 .text.Set_color_R
                0x08002504      0x140 ./Bsp/RGB/bsp_rgb.o
                0x08002504                Set_color_R
 .text.Set_color_L
                0x08002644      0x144 ./Bsp/RGB/bsp_rgb.o
                0x08002644                Set_color_L
 .text.Task_Entity_RGB
                0x08002788       0x80 ./Bsp/Task/bsp_task.o
                0x08002788                Task_Entity_RGB
 .text.Task_Entity_BEEP
                0x08002808       0xc4 ./Bsp/Task/bsp_task.o
                0x08002808                Task_Entity_BEEP
 .text.Task_Entity_LED
                0x080028cc       0x50 ./Bsp/Task/bsp_task.o
                0x080028cc                Task_Entity_LED
 .text.Task_Entity_KEY
                0x0800291c       0x88 ./Bsp/Task/bsp_task.o
                0x0800291c                Task_Entity_KEY
 .text.Task_Entity_PS2
                0x080029a4       0x12 ./Bsp/Task/bsp_task.o
                0x080029a4                Task_Entity_PS2
 .text.Task_Entity_OLED
                0x080029b6       0x4a ./Bsp/Task/bsp_task.o
                0x080029b6                Task_Entity_OLED
 .text.Task_Entity_USRanging
                0x08002a00       0x54 ./Bsp/Task/bsp_task.o
                0x08002a00                Task_Entity_USRanging
 .text.Task_Entity_Encoder
                0x08002a54       0x16 ./Bsp/Task/bsp_task.o
                0x08002a54                Task_Entity_Encoder
 *fill*         0x08002a6a        0x2 
 .text.Task_Entity_Motor
                0x08002a6c       0x30 ./Bsp/Task/bsp_task.o
                0x08002a6c                Task_Entity_Motor
 .text.Task_Entity_Servo
                0x08002a9c       0x3c ./Bsp/Task/bsp_task.o
                0x08002a9c                Task_Entity_Servo
 .text.Task_Entity_Temperature
                0x08002ad8      0x100 ./Bsp/Task/bsp_task.o
                0x08002ad8                Task_Entity_Temperature
 .text.BSP_Init
                0x08002bd8       0x48 ./Bsp/bsp.o
                0x08002bd8                BSP_Init
 .text.Delay_Init
                0x08002c20       0x2c ./Bsp/delay/delay.o
                0x08002c20                Delay_Init
 .text.delay_us
                0x08002c4c       0x4c ./Bsp/delay/delay.o
                0x08002c4c                delay_us
 .text.Encoder_Read_CNT
                0x08002c98       0xb4 ./Bsp/encoder/bsp_encoder.o
 .text.Encoder_Get_ALL
                0x08002d4c       0x48 ./Bsp/encoder/bsp_encoder.o
                0x08002d4c                Encoder_Get_ALL
 .text.Encoder_Update_Count
                0x08002d94       0x68 ./Bsp/encoder/bsp_encoder.o
                0x08002d94                Encoder_Update_Count
 .text.vApplicationGetIdleTaskMemory
                0x08002dfc       0x30 ./Bsp/freertos/bsp.freertos.o
                0x08002dfc                vApplicationGetIdleTaskMemory
 .text.MX_FREERTOS_Init
                0x08002e2c      0x19c ./Bsp/freertos/bsp.freertos.o
                0x08002e2c                MX_FREERTOS_Init
 .text.StartTask_RGB
                0x08002fc8       0x14 ./Bsp/freertos/bsp.freertos.o
                0x08002fc8                StartTask_RGB
 .text.StartTask_KEY
                0x08002fdc       0x14 ./Bsp/freertos/bsp.freertos.o
                0x08002fdc                StartTask_KEY
 .text.StartTask_LED
                0x08002ff0       0x14 ./Bsp/freertos/bsp.freertos.o
                0x08002ff0                StartTask_LED
 .text.StartTask_PS2
                0x08003004       0x14 ./Bsp/freertos/bsp.freertos.o
                0x08003004                StartTask_PS2
 .text.StartTask_Buzzer
                0x08003018       0x14 ./Bsp/freertos/bsp.freertos.o
                0x08003018                StartTask_Buzzer
 .text.StartTask_USRanging
                0x0800302c       0x14 ./Bsp/freertos/bsp.freertos.o
                0x0800302c                StartTask_USRanging
 .text.StartTask_QuickChat
                0x08003040       0x14 ./Bsp/freertos/bsp.freertos.o
                0x08003040                StartTask_QuickChat
 .text.StartTask_Encoder
                0x08003054       0x14 ./Bsp/freertos/bsp.freertos.o
                0x08003054                StartTask_Encoder
 .text.StartTask_Motor
                0x08003068       0x14 ./Bsp/freertos/bsp.freertos.o
                0x08003068                StartTask_Motor
 .text.StartTask_Servo
                0x0800307c       0x14 ./Bsp/freertos/bsp.freertos.o
                0x0800307c                StartTask_Servo
 .text.StartTask_Temperature
                0x08003090       0x14 ./Bsp/freertos/bsp.freertos.o
                0x08003090                StartTask_Temperature
 .text.Motion_Get_Circle_Pulse
                0x080030a4       0x14 ./Bsp/motor/app_motor.o
 .text.Motion_Set_Yaw_Adjust
                0x080030b8       0x2c ./Bsp/motor/app_motor.o
                0x080030b8                Motion_Set_Yaw_Adjust
 .text.Motion_Set_Pwm
                0x080030e4       0xa6 ./Bsp/motor/app_motor.o
                0x080030e4                Motion_Set_Pwm
 *fill*         0x0800318a        0x2 
 .text.Motion_Stop
                0x0800318c       0x40 ./Bsp/motor/app_motor.o
                0x0800318c                Motion_Stop
 .text.Motion_Set_Speed
                0x080031cc       0x88 ./Bsp/motor/app_motor.o
                0x080031cc                Motion_Set_Speed
 .text.Motion_Get_Speed
                0x08003254      0x1b0 ./Bsp/motor/app_motor.o
                0x08003254                Motion_Get_Speed
 .text.Motion_Get_APB
                0x08003404       0x14 ./Bsp/motor/app_motor.o
                0x08003404                Motion_Get_APB
 .text.Motion_Get_Circle_MM
                0x08003418       0x14 ./Bsp/motor/app_motor.o
                0x08003418                Motion_Get_Circle_MM
 .text.Motion_Get_Encoder
                0x0800342c       0x60 ./Bsp/motor/app_motor.o
                0x0800342c                Motion_Get_Encoder
 .text.wheel_State
                0x0800348c      0x11c ./Bsp/motor/app_motor.o
                0x0800348c                wheel_State
 .text.wheel_Ctrl
                0x080035a8      0x204 ./Bsp/motor/app_motor.o
                0x080035a8                wheel_Ctrl
 .text.Motion_Handle
                0x080037ac       0x64 ./Bsp/motor/app_motor.o
                0x080037ac                Motion_Handle
 .text.updateMotorState
                0x08003810      0x180 ./Bsp/motor/app_motor.o
                0x08003810                updateMotorState
 .text.PID_Param_Init
                0x08003990      0x110 ./Bsp/motor/bsp_PID_motor.o
                0x08003990                PID_Param_Init
 .text.PID_Incre_Calc
                0x08003aa0      0x110 ./Bsp/motor/bsp_PID_motor.o
                0x08003aa0                PID_Incre_Calc
 .text.PID_Calc_Motor
                0x08003bb0       0x50 ./Bsp/motor/bsp_PID_motor.o
                0x08003bb0                PID_Calc_Motor
 .text.PID_Clear_Motor
                0x08003c00      0x118 ./Bsp/motor/bsp_PID_motor.o
                0x08003c00                PID_Clear_Motor
 .text.PID_Set_Motor_Target
                0x08003d18       0x60 ./Bsp/motor/bsp_PID_motor.o
                0x08003d18                PID_Set_Motor_Target
 .text.Motor_Ignore_Dead_Zone
                0x08003d78       0x3e ./Bsp/motor/bsp_motor.o
 *fill*         0x08003db6        0x2 
 .text.Motor_Stop
                0x08003db8       0x98 ./Bsp/motor/bsp_motor.o
                0x08003db8                Motor_Stop
 .text.Motor_Set_Pwm
                0x08003e50      0x128 ./Bsp/motor/bsp_motor.o
                0x08003e50                Motor_Set_Pwm
 .text.Bsp_Tim_Init
                0x08003f78       0xb8 ./Bsp/tim/bsp_tim.o
                0x08003f78                Bsp_Tim_Init
 .text.PwmServo_Angle_To_Pulse
                0x08004030       0x38 ./Bsp/timer_servo/pwm_servo.o
 .text.PwmServo_Handle
                0x08004068       0x54 ./Bsp/timer_servo/pwm_servo.o
                0x08004068                PwmServo_Handle
 .text.PwmServo_Init
                0x080040bc       0x50 ./Bsp/timer_servo/pwm_servo.o
                0x080040bc                PwmServo_Init
 .text.PwmServo_Set_Angle
                0x0800410c       0x50 ./Bsp/timer_servo/pwm_servo.o
                0x0800410c                PwmServo_Set_Angle
 .text.Get_distance
                0x0800415c       0x10 ./Bsp/ultrasonic/bsp_ultrasonic.o
                0x0800415c                Get_distance
 .text.Get_distance_default
                0x0800416c      0x12c ./Bsp/ultrasonic/bsp_ultrasonic.o
                0x0800416c                Get_distance_default
 .text.MX_ADC1_Init
                0x08004298       0x7c ./Core/Src/adc.o
                0x08004298                MX_ADC1_Init
 .text.HAL_ADC_MspInit
                0x08004314       0x3c ./Core/Src/adc.o
                0x08004314                HAL_ADC_MspInit
 .text.MX_GPIO_Init
                0x08004350      0x1ec ./Core/Src/gpio.o
                0x08004350                MX_GPIO_Init
 .text.LL_I2C_EnableClockStretching
                0x0800453c       0x1e ./Core/Src/i2c.o
 .text.LL_I2C_DisableGeneralCall
                0x0800455a       0x1e ./Core/Src/i2c.o
 .text.LL_I2C_SetOwnAddress2
                0x08004578       0x24 ./Core/Src/i2c.o
 .text.LL_I2C_DisableOwnAddress2
                0x0800459c       0x1e ./Core/Src/i2c.o
 *fill*         0x080045ba        0x2 
 .text.LL_APB1_GRP1_EnableClock
                0x080045bc       0x30 ./Core/Src/i2c.o
 .text.LL_APB2_GRP1_EnableClock
                0x080045ec       0x30 ./Core/Src/i2c.o
 .text.MX_I2C1_Init
                0x0800461c       0xa8 ./Core/Src/i2c.o
                0x0800461c                MX_I2C1_Init
 .text.main     0x080046c4       0x44 ./Core/Src/main.o
                0x080046c4                main
 .text.SystemClock_Config
                0x08004708       0xb8 ./Core/Src/main.o
                0x08004708                SystemClock_Config
 .text.HAL_TIM_PeriodElapsedCallback
                0x080047c0       0x50 ./Core/Src/main.o
                0x080047c0                HAL_TIM_PeriodElapsedCallback
 .text.Error_Handler
                0x08004810        0xc ./Core/Src/main.o
                0x08004810                Error_Handler
 .text.HAL_MspInit
                0x0800481c       0x70 ./Core/Src/stm32f1xx_hal_msp.o
                0x0800481c                HAL_MspInit
 .text.HAL_InitTick
                0x0800488c       0xfc ./Core/Src/stm32f1xx_hal_timebase_tim.o
                0x0800488c                HAL_InitTick
 .text.NMI_Handler
                0x08004988        0x8 ./Core/Src/stm32f1xx_it.o
                0x08004988                NMI_Handler
 .text.HardFault_Handler
                0x08004990        0x8 ./Core/Src/stm32f1xx_it.o
                0x08004990                HardFault_Handler
 .text.MemManage_Handler
                0x08004998        0x8 ./Core/Src/stm32f1xx_it.o
                0x08004998                MemManage_Handler
 .text.BusFault_Handler
                0x080049a0        0x8 ./Core/Src/stm32f1xx_it.o
                0x080049a0                BusFault_Handler
 .text.UsageFault_Handler
                0x080049a8        0x8 ./Core/Src/stm32f1xx_it.o
                0x080049a8                UsageFault_Handler
 .text.DebugMon_Handler
                0x080049b0        0xc ./Core/Src/stm32f1xx_it.o
                0x080049b0                DebugMon_Handler
 .text.TIM6_IRQHandler
                0x080049bc       0x14 ./Core/Src/stm32f1xx_it.o
                0x080049bc                TIM6_IRQHandler
 .text.TIM7_IRQHandler
                0x080049d0       0x14 ./Core/Src/stm32f1xx_it.o
                0x080049d0                TIM7_IRQHandler
 .text._getpid  0x080049e4        0xe ./Core/Src/syscalls.o
                0x080049e4                _getpid
 .text._kill    0x080049f2       0x20 ./Core/Src/syscalls.o
                0x080049f2                _kill
 .text._exit    0x08004a12       0x16 ./Core/Src/syscalls.o
                0x08004a12                _exit
 .text._read    0x08004a28       0x3a ./Core/Src/syscalls.o
                0x08004a28                _read
 .text._write   0x08004a62       0x38 ./Core/Src/syscalls.o
                0x08004a62                _write
 .text._close   0x08004a9a       0x16 ./Core/Src/syscalls.o
                0x08004a9a                _close
 .text._fstat   0x08004ab0       0x1e ./Core/Src/syscalls.o
                0x08004ab0                _fstat
 .text._isatty  0x08004ace       0x14 ./Core/Src/syscalls.o
                0x08004ace                _isatty
 .text._lseek   0x08004ae2       0x18 ./Core/Src/syscalls.o
                0x08004ae2                _lseek
 *fill*         0x08004afa        0x2 
 .text._sbrk    0x08004afc       0x6c ./Core/Src/sysmem.o
                0x08004afc                _sbrk
 .text.SystemInit
                0x08004b68        0xc ./Core/Src/system_stm32f1xx.o
                0x08004b68                SystemInit
 .text.MX_TIM1_Init
                0x08004b74      0x188 ./Core/Src/tim.o
                0x08004b74                MX_TIM1_Init
 .text.MX_TIM2_Init
                0x08004cfc       0xec ./Core/Src/tim.o
                0x08004cfc                MX_TIM2_Init
 .text.MX_TIM3_Init
                0x08004de8       0xa8 ./Core/Src/tim.o
                0x08004de8                MX_TIM3_Init
 .text.MX_TIM4_Init
                0x08004e90       0xa8 ./Core/Src/tim.o
                0x08004e90                MX_TIM4_Init
 .text.MX_TIM5_Init
                0x08004f38       0xa8 ./Core/Src/tim.o
                0x08004f38                MX_TIM5_Init
 .text.MX_TIM7_Init
                0x08004fe0       0x68 ./Core/Src/tim.o
                0x08004fe0                MX_TIM7_Init
 .text.MX_TIM8_Init
                0x08005048      0x188 ./Core/Src/tim.o
                0x08005048                MX_TIM8_Init
 .text.HAL_TIM_Base_MspInit
                0x080051d0       0x9c ./Core/Src/tim.o
                0x080051d0                HAL_TIM_Base_MspInit
 .text.HAL_TIM_IC_MspInit
                0x0800526c       0xd8 ./Core/Src/tim.o
                0x0800526c                HAL_TIM_IC_MspInit
 .text.HAL_TIM_Encoder_MspInit
                0x08005344      0x17c ./Core/Src/tim.o
                0x08005344                HAL_TIM_Encoder_MspInit
 .text.HAL_TIM_MspPostInit
                0x080054c0       0xd4 ./Core/Src/tim.o
                0x080054c0                HAL_TIM_MspPostInit
 .text.Reset_Handler
                0x08005594       0x48 ./Core/Startup/startup_stm32f103zetx.o
                0x08005594                Reset_Handler
 .text.Default_Handler
                0x080055dc        0x2 ./Core/Startup/startup_stm32f103zetx.o
                0x080055dc                RTC_Alarm_IRQHandler
                0x080055dc                EXTI2_IRQHandler
                0x080055dc                TIM8_TRG_COM_IRQHandler
                0x080055dc                TIM8_CC_IRQHandler
                0x080055dc                TIM1_CC_IRQHandler
                0x080055dc                PVD_IRQHandler
                0x080055dc                SDIO_IRQHandler
                0x080055dc                EXTI3_IRQHandler
                0x080055dc                EXTI0_IRQHandler
                0x080055dc                I2C2_EV_IRQHandler
                0x080055dc                ADC1_2_IRQHandler
                0x080055dc                SPI1_IRQHandler
                0x080055dc                TAMPER_IRQHandler
                0x080055dc                TIM8_UP_IRQHandler
                0x080055dc                DMA2_Channel2_IRQHandler
                0x080055dc                DMA1_Channel4_IRQHandler
                0x080055dc                USART3_IRQHandler
                0x080055dc                RTC_IRQHandler
                0x080055dc                DMA1_Channel7_IRQHandler
                0x080055dc                CAN1_RX1_IRQHandler
                0x080055dc                UART5_IRQHandler
                0x080055dc                ADC3_IRQHandler
                0x080055dc                TIM4_IRQHandler
                0x080055dc                DMA2_Channel1_IRQHandler
                0x080055dc                I2C1_EV_IRQHandler
                0x080055dc                DMA1_Channel6_IRQHandler
                0x080055dc                UART4_IRQHandler
                0x080055dc                TIM3_IRQHandler
                0x080055dc                RCC_IRQHandler
                0x080055dc                TIM1_TRG_COM_IRQHandler
                0x080055dc                DMA1_Channel1_IRQHandler
                0x080055dc                Default_Handler
                0x080055dc                EXTI15_10_IRQHandler
                0x080055dc                TIM5_IRQHandler
                0x080055dc                EXTI9_5_IRQHandler
                0x080055dc                SPI2_IRQHandler
                0x080055dc                DMA1_Channel5_IRQHandler
                0x080055dc                EXTI4_IRQHandler
                0x080055dc                USB_LP_CAN1_RX0_IRQHandler
                0x080055dc                USB_HP_CAN1_TX_IRQHandler
                0x080055dc                DMA1_Channel3_IRQHandler
                0x080055dc                FSMC_IRQHandler
                0x080055dc                TIM1_UP_IRQHandler
                0x080055dc                WWDG_IRQHandler
                0x080055dc                TIM2_IRQHandler
                0x080055dc                TIM1_BRK_IRQHandler
                0x080055dc                EXTI1_IRQHandler
                0x080055dc                DMA2_Channel4_5_IRQHandler
                0x080055dc                USART2_IRQHandler
                0x080055dc                I2C2_ER_IRQHandler
                0x080055dc                DMA1_Channel2_IRQHandler
                0x080055dc                TIM8_BRK_IRQHandler
                0x080055dc                CAN1_SCE_IRQHandler
                0x080055dc                FLASH_IRQHandler
                0x080055dc                USART1_IRQHandler
                0x080055dc                SPI3_IRQHandler
                0x080055dc                I2C1_ER_IRQHandler
                0x080055dc                USBWakeUp_IRQHandler
                0x080055dc                DMA2_Channel3_IRQHandler
 *fill*         0x080055de        0x2 
 .text.HAL_Init
                0x080055e0       0x2c ./Drivers/STM32F1xx_HAL_Driver/Src/stm32f1xx_hal.o
                0x080055e0                HAL_Init
 .text.HAL_IncTick
                0x0800560c       0x24 ./Drivers/STM32F1xx_HAL_Driver/Src/stm32f1xx_hal.o
                0x0800560c                HAL_IncTick
 .text.HAL_GetTick
                0x08005630       0x14 ./Drivers/STM32F1xx_HAL_Driver/Src/stm32f1xx_hal.o
                0x08005630                HAL_GetTick
 .text.HAL_Delay
                0x08005644       0x48 ./Drivers/STM32F1xx_HAL_Driver/Src/stm32f1xx_hal.o
                0x08005644                HAL_Delay
 .text.HAL_ADC_Init
                0x0800568c      0x1d4 ./Drivers/STM32F1xx_HAL_Driver/Src/stm32f1xx_hal_adc.o
                0x0800568c                HAL_ADC_Init
 .text.HAL_ADC_Start
                0x08005860      0x15c ./Drivers/STM32F1xx_HAL_Driver/Src/stm32f1xx_hal_adc.o
                0x08005860                HAL_ADC_Start
 .text.HAL_ADC_PollForConversion
                0x080059bc      0x20c ./Drivers/STM32F1xx_HAL_Driver/Src/stm32f1xx_hal_adc.o
                0x080059bc                HAL_ADC_PollForConversion
 .text.HAL_ADC_GetValue
                0x08005bc8       0x18 ./Drivers/STM32F1xx_HAL_Driver/Src/stm32f1xx_hal_adc.o
                0x08005bc8                HAL_ADC_GetValue
 .text.HAL_ADC_ConfigChannel
                0x08005be0      0x1f0 ./Drivers/STM32F1xx_HAL_Driver/Src/stm32f1xx_hal_adc.o
                0x08005be0                HAL_ADC_ConfigChannel
 .text.ADC_Enable
                0x08005dd0       0xb4 ./Drivers/STM32F1xx_HAL_Driver/Src/stm32f1xx_hal_adc.o
                0x08005dd0                ADC_Enable
 .text.ADC_ConversionStop_Disable
                0x08005e84       0x82 ./Drivers/STM32F1xx_HAL_Driver/Src/stm32f1xx_hal_adc.o
                0x08005e84                ADC_ConversionStop_Disable
 *fill*         0x08005f06        0x2 
 .text.HAL_ADCEx_Calibration_Start
                0x08005f08      0x15c ./Drivers/STM32F1xx_HAL_Driver/Src/stm32f1xx_hal_adc_ex.o
                0x08005f08                HAL_ADCEx_Calibration_Start
 .text.__NVIC_SetPriorityGrouping
                0x08006064       0x48 ./Drivers/STM32F1xx_HAL_Driver/Src/stm32f1xx_hal_cortex.o
 .text.__NVIC_GetPriorityGrouping
                0x080060ac       0x1c ./Drivers/STM32F1xx_HAL_Driver/Src/stm32f1xx_hal_cortex.o
 .text.__NVIC_EnableIRQ
                0x080060c8       0x38 ./Drivers/STM32F1xx_HAL_Driver/Src/stm32f1xx_hal_cortex.o
 .text.__NVIC_SetPriority
                0x08006100       0x54 ./Drivers/STM32F1xx_HAL_Driver/Src/stm32f1xx_hal_cortex.o
 .text.NVIC_EncodePriority
                0x08006154       0x64 ./Drivers/STM32F1xx_HAL_Driver/Src/stm32f1xx_hal_cortex.o
 .text.HAL_NVIC_SetPriorityGrouping
                0x080061b8       0x16 ./Drivers/STM32F1xx_HAL_Driver/Src/stm32f1xx_hal_cortex.o
                0x080061b8                HAL_NVIC_SetPriorityGrouping
 .text.HAL_NVIC_SetPriority
                0x080061ce       0x38 ./Drivers/STM32F1xx_HAL_Driver/Src/stm32f1xx_hal_cortex.o
                0x080061ce                HAL_NVIC_SetPriority
 .text.HAL_NVIC_EnableIRQ
                0x08006206       0x1c ./Drivers/STM32F1xx_HAL_Driver/Src/stm32f1xx_hal_cortex.o
                0x08006206                HAL_NVIC_EnableIRQ
 *fill*         0x08006222        0x2 
 .text.HAL_GPIO_Init
                0x08006224      0x328 ./Drivers/STM32F1xx_HAL_Driver/Src/stm32f1xx_hal_gpio.o
                0x08006224                HAL_GPIO_Init
 .text.HAL_GPIO_ReadPin
                0x0800654c       0x2e ./Drivers/STM32F1xx_HAL_Driver/Src/stm32f1xx_hal_gpio.o
                0x0800654c                HAL_GPIO_ReadPin
 .text.HAL_GPIO_WritePin
                0x0800657a       0x30 ./Drivers/STM32F1xx_HAL_Driver/Src/stm32f1xx_hal_gpio.o
                0x0800657a                HAL_GPIO_WritePin
 .text.HAL_GPIO_TogglePin
                0x080065aa       0x32 ./Drivers/STM32F1xx_HAL_Driver/Src/stm32f1xx_hal_gpio.o
                0x080065aa                HAL_GPIO_TogglePin
 .text.HAL_RCC_OscConfig
                0x080065dc      0x504 ./Drivers/STM32F1xx_HAL_Driver/Src/stm32f1xx_hal_rcc.o
                0x080065dc                HAL_RCC_OscConfig
 .text.HAL_RCC_ClockConfig
                0x08006ae0      0x1d4 ./Drivers/STM32F1xx_HAL_Driver/Src/stm32f1xx_hal_rcc.o
                0x08006ae0                HAL_RCC_ClockConfig
 .text.HAL_RCC_GetSysClockFreq
                0x08006cb4       0xa8 ./Drivers/STM32F1xx_HAL_Driver/Src/stm32f1xx_hal_rcc.o
                0x08006cb4                HAL_RCC_GetSysClockFreq
 .text.HAL_RCC_GetHCLKFreq
                0x08006d5c       0x14 ./Drivers/STM32F1xx_HAL_Driver/Src/stm32f1xx_hal_rcc.o
                0x08006d5c                HAL_RCC_GetHCLKFreq
 .text.HAL_RCC_GetPCLK1Freq
                0x08006d70       0x28 ./Drivers/STM32F1xx_HAL_Driver/Src/stm32f1xx_hal_rcc.o
                0x08006d70                HAL_RCC_GetPCLK1Freq
 .text.HAL_RCC_GetPCLK2Freq
                0x08006d98       0x28 ./Drivers/STM32F1xx_HAL_Driver/Src/stm32f1xx_hal_rcc.o
                0x08006d98                HAL_RCC_GetPCLK2Freq
 .text.HAL_RCC_GetClockConfig
                0x08006dc0       0x60 ./Drivers/STM32F1xx_HAL_Driver/Src/stm32f1xx_hal_rcc.o
                0x08006dc0                HAL_RCC_GetClockConfig
 .text.RCC_Delay
                0x08006e20       0x3c ./Drivers/STM32F1xx_HAL_Driver/Src/stm32f1xx_hal_rcc.o
 .text.HAL_RCCEx_PeriphCLKConfig
                0x08006e5c      0x16c ./Drivers/STM32F1xx_HAL_Driver/Src/stm32f1xx_hal_rcc_ex.o
                0x08006e5c                HAL_RCCEx_PeriphCLKConfig
 .text.HAL_RCCEx_GetPeriphCLKFreq
                0x08006fc8      0x1b0 ./Drivers/STM32F1xx_HAL_Driver/Src/stm32f1xx_hal_rcc_ex.o
                0x08006fc8                HAL_RCCEx_GetPeriphCLKFreq
 .text.HAL_TIM_Base_Init
                0x08007178       0x9e ./Drivers/STM32F1xx_HAL_Driver/Src/stm32f1xx_hal_tim.o
                0x08007178                HAL_TIM_Base_Init
 *fill*         0x08007216        0x2 
 .text.HAL_TIM_Base_Start_IT
                0x08007218       0xc0 ./Drivers/STM32F1xx_HAL_Driver/Src/stm32f1xx_hal_tim.o
                0x08007218                HAL_TIM_Base_Start_IT
 .text.HAL_TIM_PWM_Init
                0x080072d8       0x9e ./Drivers/STM32F1xx_HAL_Driver/Src/stm32f1xx_hal_tim.o
                0x080072d8                HAL_TIM_PWM_Init
 .text.HAL_TIM_PWM_MspInit
                0x08007376       0x12 ./Drivers/STM32F1xx_HAL_Driver/Src/stm32f1xx_hal_tim.o
                0x08007376                HAL_TIM_PWM_MspInit
 .text.HAL_TIM_PWM_Start
                0x08007388      0x174 ./Drivers/STM32F1xx_HAL_Driver/Src/stm32f1xx_hal_tim.o
                0x08007388                HAL_TIM_PWM_Start
 .text.HAL_TIM_IC_Init
                0x080074fc       0x9e ./Drivers/STM32F1xx_HAL_Driver/Src/stm32f1xx_hal_tim.o
                0x080074fc                HAL_TIM_IC_Init
 .text.HAL_TIM_Encoder_Init
                0x0800759a      0x144 ./Drivers/STM32F1xx_HAL_Driver/Src/stm32f1xx_hal_tim.o
                0x0800759a                HAL_TIM_Encoder_Init
 .text.HAL_TIM_Encoder_Start
                0x080076de      0x11c ./Drivers/STM32F1xx_HAL_Driver/Src/stm32f1xx_hal_tim.o
                0x080076de                HAL_TIM_Encoder_Start
 .text.HAL_TIM_IRQHandler
                0x080077fa      0x1e0 ./Drivers/STM32F1xx_HAL_Driver/Src/stm32f1xx_hal_tim.o
                0x080077fa                HAL_TIM_IRQHandler
 .text.HAL_TIM_IC_ConfigChannel
                0x080079da      0x138 ./Drivers/STM32F1xx_HAL_Driver/Src/stm32f1xx_hal_tim.o
                0x080079da                HAL_TIM_IC_ConfigChannel
 *fill*         0x08007b12        0x2 
 .text.HAL_TIM_PWM_ConfigChannel
                0x08007b14      0x184 ./Drivers/STM32F1xx_HAL_Driver/Src/stm32f1xx_hal_tim.o
                0x08007b14                HAL_TIM_PWM_ConfigChannel
 .text.HAL_TIM_ConfigClockSource
                0x08007c98      0x18e ./Drivers/STM32F1xx_HAL_Driver/Src/stm32f1xx_hal_tim.o
                0x08007c98                HAL_TIM_ConfigClockSource
 .text.HAL_TIM_OC_DelayElapsedCallback
                0x08007e26       0x12 ./Drivers/STM32F1xx_HAL_Driver/Src/stm32f1xx_hal_tim.o
                0x08007e26                HAL_TIM_OC_DelayElapsedCallback
 .text.HAL_TIM_IC_CaptureCallback
                0x08007e38       0x12 ./Drivers/STM32F1xx_HAL_Driver/Src/stm32f1xx_hal_tim.o
                0x08007e38                HAL_TIM_IC_CaptureCallback
 .text.HAL_TIM_PWM_PulseFinishedCallback
                0x08007e4a       0x12 ./Drivers/STM32F1xx_HAL_Driver/Src/stm32f1xx_hal_tim.o
                0x08007e4a                HAL_TIM_PWM_PulseFinishedCallback
 .text.HAL_TIM_TriggerCallback
                0x08007e5c       0x12 ./Drivers/STM32F1xx_HAL_Driver/Src/stm32f1xx_hal_tim.o
                0x08007e5c                HAL_TIM_TriggerCallback
 *fill*         0x08007e6e        0x2 
 .text.TIM_Base_SetConfig
                0x08007e70      0x10c ./Drivers/STM32F1xx_HAL_Driver/Src/stm32f1xx_hal_tim.o
                0x08007e70                TIM_Base_SetConfig
 .text.TIM_OC1_SetConfig
                0x08007f7c       0xe0 ./Drivers/STM32F1xx_HAL_Driver/Src/stm32f1xx_hal_tim.o
 .text.TIM_OC2_SetConfig
                0x0800805c       0xe8 ./Drivers/STM32F1xx_HAL_Driver/Src/stm32f1xx_hal_tim.o
                0x0800805c                TIM_OC2_SetConfig
 .text.TIM_OC3_SetConfig
                0x08008144       0xe8 ./Drivers/STM32F1xx_HAL_Driver/Src/stm32f1xx_hal_tim.o
 .text.TIM_OC4_SetConfig
                0x0800822c       0xa8 ./Drivers/STM32F1xx_HAL_Driver/Src/stm32f1xx_hal_tim.o
 .text.TIM_TI1_SetConfig
                0x080082d4       0xcc ./Drivers/STM32F1xx_HAL_Driver/Src/stm32f1xx_hal_tim.o
                0x080082d4                TIM_TI1_SetConfig
 .text.TIM_TI1_ConfigInputStage
                0x080083a0       0x5c ./Drivers/STM32F1xx_HAL_Driver/Src/stm32f1xx_hal_tim.o
 .text.TIM_TI2_SetConfig
                0x080083fc       0x78 ./Drivers/STM32F1xx_HAL_Driver/Src/stm32f1xx_hal_tim.o
 .text.TIM_TI2_ConfigInputStage
                0x08008474       0x5e ./Drivers/STM32F1xx_HAL_Driver/Src/stm32f1xx_hal_tim.o
 .text.TIM_TI3_SetConfig
                0x080084d2       0x76 ./Drivers/STM32F1xx_HAL_Driver/Src/stm32f1xx_hal_tim.o
 .text.TIM_TI4_SetConfig
                0x08008548       0x78 ./Drivers/STM32F1xx_HAL_Driver/Src/stm32f1xx_hal_tim.o
 .text.TIM_ITRx_SetConfig
                0x080085c0       0x34 ./Drivers/STM32F1xx_HAL_Driver/Src/stm32f1xx_hal_tim.o
 .text.TIM_ETR_SetConfig
                0x080085f4       0x3e ./Drivers/STM32F1xx_HAL_Driver/Src/stm32f1xx_hal_tim.o
                0x080085f4                TIM_ETR_SetConfig
 .text.TIM_CCxChannelCmd
                0x08008632       0x48 ./Drivers/STM32F1xx_HAL_Driver/Src/stm32f1xx_hal_tim.o
                0x08008632                TIM_CCxChannelCmd
 *fill*         0x0800867a        0x2 
 .text.HAL_TIMEx_MasterConfigSynchronization
                0x0800867c       0xd8 ./Drivers/STM32F1xx_HAL_Driver/Src/stm32f1xx_hal_tim_ex.o
                0x0800867c                HAL_TIMEx_MasterConfigSynchronization
 .text.HAL_TIMEx_ConfigBreakDeadTime
                0x08008754       0xa2 ./Drivers/STM32F1xx_HAL_Driver/Src/stm32f1xx_hal_tim_ex.o
                0x08008754                HAL_TIMEx_ConfigBreakDeadTime
 .text.HAL_TIMEx_CommutCallback
                0x080087f6       0x12 ./Drivers/STM32F1xx_HAL_Driver/Src/stm32f1xx_hal_tim_ex.o
                0x080087f6                HAL_TIMEx_CommutCallback
 .text.HAL_TIMEx_BreakCallback
                0x08008808       0x12 ./Drivers/STM32F1xx_HAL_Driver/Src/stm32f1xx_hal_tim_ex.o
                0x08008808                HAL_TIMEx_BreakCallback
 .text.LL_GPIO_SetPinMode
                0x0800881a       0x64 ./Drivers/STM32F1xx_HAL_Driver/Src/stm32f1xx_ll_gpio.o
 .text.LL_GPIO_SetPinSpeed
                0x0800887e       0x64 ./Drivers/STM32F1xx_HAL_Driver/Src/stm32f1xx_ll_gpio.o
 .text.LL_GPIO_SetPinOutputType
                0x080088e2       0x64 ./Drivers/STM32F1xx_HAL_Driver/Src/stm32f1xx_ll_gpio.o
 .text.LL_GPIO_SetPinPull
                0x08008946       0x44 ./Drivers/STM32F1xx_HAL_Driver/Src/stm32f1xx_ll_gpio.o
 .text.LL_GPIO_Init
                0x0800898a       0xcc ./Drivers/STM32F1xx_HAL_Driver/Src/stm32f1xx_ll_gpio.o
                0x0800898a                LL_GPIO_Init
 .text.LL_I2C_Enable
                0x08008a56       0x1e ./Drivers/STM32F1xx_HAL_Driver/Src/stm32f1xx_ll_i2c.o
 .text.LL_I2C_Disable
                0x08008a74       0x1e ./Drivers/STM32F1xx_HAL_Driver/Src/stm32f1xx_ll_i2c.o
 .text.LL_I2C_SetOwnAddress1
                0x08008a92       0x2e ./Drivers/STM32F1xx_HAL_Driver/Src/stm32f1xx_ll_i2c.o
 .text.LL_I2C_ConfigSpeed
                0x08008ac0      0x12c ./Drivers/STM32F1xx_HAL_Driver/Src/stm32f1xx_ll_i2c.o
 .text.LL_I2C_SetMode
                0x08008bec       0x24 ./Drivers/STM32F1xx_HAL_Driver/Src/stm32f1xx_ll_i2c.o
 .text.LL_I2C_AcknowledgeNextData
                0x08008c10       0x24 ./Drivers/STM32F1xx_HAL_Driver/Src/stm32f1xx_ll_i2c.o
 .text.LL_I2C_Init
                0x08008c34       0x62 ./Drivers/STM32F1xx_HAL_Driver/Src/stm32f1xx_ll_i2c.o
                0x08008c34                LL_I2C_Init
 *fill*         0x08008c96        0x2 
 .text.LL_RCC_GetSysClkSource
                0x08008c98       0x18 ./Drivers/STM32F1xx_HAL_Driver/Src/stm32f1xx_ll_rcc.o
 .text.LL_RCC_GetAHBPrescaler
                0x08008cb0       0x18 ./Drivers/STM32F1xx_HAL_Driver/Src/stm32f1xx_ll_rcc.o
 .text.LL_RCC_GetAPB1Prescaler
                0x08008cc8       0x18 ./Drivers/STM32F1xx_HAL_Driver/Src/stm32f1xx_ll_rcc.o
 .text.LL_RCC_GetAPB2Prescaler
                0x08008ce0       0x18 ./Drivers/STM32F1xx_HAL_Driver/Src/stm32f1xx_ll_rcc.o
 .text.LL_RCC_PLL_GetMainSource
                0x08008cf8       0x18 ./Drivers/STM32F1xx_HAL_Driver/Src/stm32f1xx_ll_rcc.o
 .text.LL_RCC_PLL_GetMultiplicator
                0x08008d10       0x18 ./Drivers/STM32F1xx_HAL_Driver/Src/stm32f1xx_ll_rcc.o
 .text.LL_RCC_PLL_GetPrediv
                0x08008d28       0x1c ./Drivers/STM32F1xx_HAL_Driver/Src/stm32f1xx_ll_rcc.o
 .text.LL_RCC_GetSystemClocksFreq
                0x08008d44       0x4a ./Drivers/STM32F1xx_HAL_Driver/Src/stm32f1xx_ll_rcc.o
                0x08008d44                LL_RCC_GetSystemClocksFreq
 *fill*         0x08008d8e        0x2 
 .text.RCC_GetSystemClockFreq
                0x08008d90       0x4c ./Drivers/STM32F1xx_HAL_Driver/Src/stm32f1xx_ll_rcc.o
                0x08008d90                RCC_GetSystemClockFreq
 .text.RCC_GetHCLKClockFreq
                0x08008ddc       0x2c ./Drivers/STM32F1xx_HAL_Driver/Src/stm32f1xx_ll_rcc.o
                0x08008ddc                RCC_GetHCLKClockFreq
 .text.RCC_GetPCLK1ClockFreq
                0x08008e08       0x28 ./Drivers/STM32F1xx_HAL_Driver/Src/stm32f1xx_ll_rcc.o
                0x08008e08                RCC_GetPCLK1ClockFreq
 .text.RCC_GetPCLK2ClockFreq
                0x08008e30       0x28 ./Drivers/STM32F1xx_HAL_Driver/Src/stm32f1xx_ll_rcc.o
                0x08008e30                RCC_GetPCLK2ClockFreq
 .text.RCC_PLL_GetFreqDomain_SYS
                0x08008e58       0x64 ./Drivers/STM32F1xx_HAL_Driver/Src/stm32f1xx_ll_rcc.o
                0x08008e58                RCC_PLL_GetFreqDomain_SYS
 .text.osKernelStart
                0x08008ebc        0xe ./Middlewares/Third_Party/FreeRTOS/Source/CMSIS_RTOS/cmsis_os.o
                0x08008ebc                osKernelStart
 .text.osDelay  0x08008eca       0x28 ./Middlewares/Third_Party/FreeRTOS/Source/CMSIS_RTOS/cmsis_os.o
                0x08008eca                osDelay
 .text.vListInitialise
                0x08008ef2       0x3e ./Middlewares/Third_Party/FreeRTOS/Source/list.o
                0x08008ef2                vListInitialise
 .text.vListInitialiseItem
                0x08008f30       0x18 ./Middlewares/Third_Party/FreeRTOS/Source/list.o
                0x08008f30                vListInitialiseItem
 .text.vListInsertEnd
                0x08008f48       0x46 ./Middlewares/Third_Party/FreeRTOS/Source/list.o
                0x08008f48                vListInsertEnd
 .text.vListInsert
                0x08008f8e       0x70 ./Middlewares/Third_Party/FreeRTOS/Source/list.o
                0x08008f8e                vListInsert
 .text.uxListRemove
                0x08008ffe       0x52 ./Middlewares/Third_Party/FreeRTOS/Source/list.o
                0x08008ffe                uxListRemove
 .text.xQueueGenericReset
                0x08009050       0xd4 ./Middlewares/Third_Party/FreeRTOS/Source/queue.o
                0x08009050                xQueueGenericReset
 .text.xQueueGenericCreate
                0x08009124       0x76 ./Middlewares/Third_Party/FreeRTOS/Source/queue.o
                0x08009124                xQueueGenericCreate
 .text.prvInitialiseNewQueue
                0x0800919a       0x3e ./Middlewares/Third_Party/FreeRTOS/Source/queue.o
 .text.xQueueGenericSend
                0x080091d8      0x204 ./Middlewares/Third_Party/FreeRTOS/Source/queue.o
                0x080091d8                xQueueGenericSend
 .text.xQueueReceive
                0x080093dc      0x1c4 ./Middlewares/Third_Party/FreeRTOS/Source/queue.o
                0x080093dc                xQueueReceive
 .text.prvCopyDataToQueue
                0x080095a0       0xd4 ./Middlewares/Third_Party/FreeRTOS/Source/queue.o
 .text.prvCopyDataFromQueue
                0x08009674       0x4c ./Middlewares/Third_Party/FreeRTOS/Source/queue.o
 .text.prvUnlockQueue
                0x080096c0       0xa4 ./Middlewares/Third_Party/FreeRTOS/Source/queue.o
 .text.prvIsQueueEmpty
                0x08009764       0x2c ./Middlewares/Third_Party/FreeRTOS/Source/queue.o
 .text.prvIsQueueFull
                0x08009790       0x30 ./Middlewares/Third_Party/FreeRTOS/Source/queue.o
 .text.xTaskCreateStatic
                0x080097c0       0xc0 ./Middlewares/Third_Party/FreeRTOS/Source/tasks.o
                0x080097c0                xTaskCreateStatic
 .text.xTaskCreate
                0x08009880       0x8a ./Middlewares/Third_Party/FreeRTOS/Source/tasks.o
                0x08009880                xTaskCreate
 .text.prvInitialiseNewTask
                0x0800990a      0x110 ./Middlewares/Third_Party/FreeRTOS/Source/tasks.o
 *fill*         0x08009a1a        0x2 
 .text.prvAddNewTaskToReadyList
                0x08009a1c       0xd4 ./Middlewares/Third_Party/FreeRTOS/Source/tasks.o
 .text.vTaskDelay
                0x08009af0       0x6c ./Middlewares/Third_Party/FreeRTOS/Source/tasks.o
                0x08009af0                vTaskDelay
 .text.vTaskStartScheduler
                0x08009b5c       0xc4 ./Middlewares/Third_Party/FreeRTOS/Source/tasks.o
                0x08009b5c                vTaskStartScheduler
 .text.vTaskSuspendAll
                0x08009c20       0x1c ./Middlewares/Third_Party/FreeRTOS/Source/tasks.o
                0x08009c20                vTaskSuspendAll
 .text.xTaskResumeAll
                0x08009c3c      0x13c ./Middlewares/Third_Party/FreeRTOS/Source/tasks.o
                0x08009c3c                xTaskResumeAll
 .text.xTaskIncrementTick
                0x08009d78      0x174 ./Middlewares/Third_Party/FreeRTOS/Source/tasks.o
                0x08009d78                xTaskIncrementTick
 .text.vTaskSwitchContext
                0x08009eec       0xb8 ./Middlewares/Third_Party/FreeRTOS/Source/tasks.o
                0x08009eec                vTaskSwitchContext
 .text.vTaskPlaceOnEventList
                0x08009fa4       0x4c ./Middlewares/Third_Party/FreeRTOS/Source/tasks.o
                0x08009fa4                vTaskPlaceOnEventList
 .text.xTaskRemoveFromEventList
                0x08009ff0       0xc8 ./Middlewares/Third_Party/FreeRTOS/Source/tasks.o
                0x08009ff0                xTaskRemoveFromEventList
 .text.vTaskInternalSetTimeOutState
                0x0800a0b8       0x2c ./Middlewares/Third_Party/FreeRTOS/Source/tasks.o
                0x0800a0b8                vTaskInternalSetTimeOutState
 .text.xTaskCheckForTimeOut
                0x0800a0e4       0xc8 ./Middlewares/Third_Party/FreeRTOS/Source/tasks.o
                0x0800a0e4                xTaskCheckForTimeOut
 .text.vTaskMissedYield
                0x0800a1ac       0x18 ./Middlewares/Third_Party/FreeRTOS/Source/tasks.o
                0x0800a1ac                vTaskMissedYield
 .text.prvIdleTask
                0x0800a1c4       0x30 ./Middlewares/Third_Party/FreeRTOS/Source/tasks.o
 .text.prvInitialiseTaskLists
                0x0800a1f4       0x80 ./Middlewares/Third_Party/FreeRTOS/Source/tasks.o
 .text.prvCheckTasksWaitingTermination
                0x0800a274       0x5c ./Middlewares/Third_Party/FreeRTOS/Source/tasks.o
 .text.prvDeleteTCB
                0x0800a2d0       0x60 ./Middlewares/Third_Party/FreeRTOS/Source/tasks.o
 .text.prvResetNextTaskUnblockTime
                0x0800a330       0x40 ./Middlewares/Third_Party/FreeRTOS/Source/tasks.o
 .text.xTaskGetSchedulerState
                0x0800a370       0x3c ./Middlewares/Third_Party/FreeRTOS/Source/tasks.o
                0x0800a370                xTaskGetSchedulerState
 .text.xTaskPriorityDisinherit
                0x0800a3ac      0x110 ./Middlewares/Third_Party/FreeRTOS/Source/tasks.o
                0x0800a3ac                xTaskPriorityDisinherit
 .text.ulTaskNotifyTake
                0x0800a4bc       0x90 ./Middlewares/Third_Party/FreeRTOS/Source/tasks.o
                0x0800a4bc                ulTaskNotifyTake
 .text.xTaskNotifyWait
                0x0800a54c       0xb4 ./Middlewares/Third_Party/FreeRTOS/Source/tasks.o
                0x0800a54c                xTaskNotifyWait
 .text.xTaskGenericNotify
                0x0800a600      0x170 ./Middlewares/Third_Party/FreeRTOS/Source/tasks.o
                0x0800a600                xTaskGenericNotify
 .text.prvAddCurrentTaskToDelayedList
                0x0800a770       0xcc ./Middlewares/Third_Party/FreeRTOS/Source/tasks.o
 .text.pxPortInitialiseStack
                0x0800a83c       0x58 ./Middlewares/Third_Party/FreeRTOS/Source/portable/GCC/ARM_CM3/port.o
                0x0800a83c                pxPortInitialiseStack
 .text.prvTaskExitError
                0x0800a894       0x58 ./Middlewares/Third_Party/FreeRTOS/Source/portable/GCC/ARM_CM3/port.o
 *fill*         0x0800a8ec        0x4 
 .text.SVC_Handler
                0x0800a8f0       0x28 ./Middlewares/Third_Party/FreeRTOS/Source/portable/GCC/ARM_CM3/port.o
                0x0800a8f0                SVC_Handler
 .text.prvPortStartFirstTask
                0x0800a918       0x20 ./Middlewares/Third_Party/FreeRTOS/Source/portable/GCC/ARM_CM3/port.o
 .text.xPortStartScheduler
                0x0800a938       0xe4 ./Middlewares/Third_Party/FreeRTOS/Source/portable/GCC/ARM_CM3/port.o
                0x0800a938                xPortStartScheduler
 .text.vPortEnterCritical
                0x0800aa1c       0x60 ./Middlewares/Third_Party/FreeRTOS/Source/portable/GCC/ARM_CM3/port.o
                0x0800aa1c                vPortEnterCritical
 .text.vPortExitCritical
                0x0800aa7c       0x54 ./Middlewares/Third_Party/FreeRTOS/Source/portable/GCC/ARM_CM3/port.o
                0x0800aa7c                vPortExitCritical
 .text.PendSV_Handler
                0x0800aad0       0x48 ./Middlewares/Third_Party/FreeRTOS/Source/portable/GCC/ARM_CM3/port.o
                0x0800aad0                PendSV_Handler
 .text.SysTick_Handler
                0x0800ab18       0x44 ./Middlewares/Third_Party/FreeRTOS/Source/portable/GCC/ARM_CM3/port.o
                0x0800ab18                SysTick_Handler
 .text.vPortSetupTimerInterrupt
                0x0800ab5c       0x44 ./Middlewares/Third_Party/FreeRTOS/Source/portable/GCC/ARM_CM3/port.o
                0x0800ab5c                vPortSetupTimerInterrupt
 .text.pvPortMalloc
                0x0800aba0      0x19c ./Middlewares/Third_Party/FreeRTOS/Source/portable/MemMang/heap_4.o
                0x0800aba0                pvPortMalloc
 .text.vPortFree
                0x0800ad3c       0xc8 ./Middlewares/Third_Party/FreeRTOS/Source/portable/MemMang/heap_4.o
                0x0800ad3c                vPortFree
 .text.prvHeapInit
                0x0800ae04       0xc4 ./Middlewares/Third_Party/FreeRTOS/Source/portable/MemMang/heap_4.o
 .text.prvInsertBlockIntoFreeList
                0x0800aec8       0xb0 ./Middlewares/Third_Party/FreeRTOS/Source/portable/MemMang/heap_4.o
 .text.__cvt    0x0800af78       0xc8 C:/Program Files/STM32CubeIDE_1.16.1/STM32CubeIDE/plugins/com.st.stm32cube.ide.mcu.externaltools.gnu-tools-for-stm32.12.3.rel1.win32_1.0.200.202406191623/tools/bin/../lib/gcc/arm-none-eabi/12.3.1/../../../../arm-none-eabi/lib/thumb/v7-m/nofp\libc_nano.a(libc_a-nano-vfprintf_float.o)
                0x0800af78                __cvt
 .text.__exponent
                0x0800b040       0x74 C:/Program Files/STM32CubeIDE_1.16.1/STM32CubeIDE/plugins/com.st.stm32cube.ide.mcu.externaltools.gnu-tools-for-stm32.12.3.rel1.win32_1.0.200.202406191623/tools/bin/../lib/gcc/arm-none-eabi/12.3.1/../../../../arm-none-eabi/lib/thumb/v7-m/nofp\libc_nano.a(libc_a-nano-vfprintf_float.o)
                0x0800b040                __exponent
 .text._printf_float
                0x0800b0b4      0x458 C:/Program Files/STM32CubeIDE_1.16.1/STM32CubeIDE/plugins/com.st.stm32cube.ide.mcu.externaltools.gnu-tools-for-stm32.12.3.rel1.win32_1.0.200.202406191623/tools/bin/../lib/gcc/arm-none-eabi/12.3.1/../../../../arm-none-eabi/lib/thumb/v7-m/nofp\libc_nano.a(libc_a-nano-vfprintf_float.o)
                0x0800b0b4                _printf_float
 .text._printf_common
                0x0800b50c       0xe4 C:/Program Files/STM32CubeIDE_1.16.1/STM32CubeIDE/plugins/com.st.stm32cube.ide.mcu.externaltools.gnu-tools-for-stm32.12.3.rel1.win32_1.0.200.202406191623/tools/bin/../lib/gcc/arm-none-eabi/12.3.1/../../../../arm-none-eabi/lib/thumb/v7-m/nofp\libc_nano.a(libc_a-nano-vfprintf_i.o)
                0x0800b50c                _printf_common
 .text._printf_i
                0x0800b5f0      0x240 C:/Program Files/STM32CubeIDE_1.16.1/STM32CubeIDE/plugins/com.st.stm32cube.ide.mcu.externaltools.gnu-tools-for-stm32.12.3.rel1.win32_1.0.200.202406191623/tools/bin/../lib/gcc/arm-none-eabi/12.3.1/../../../../arm-none-eabi/lib/thumb/v7-m/nofp\libc_nano.a(libc_a-nano-vfprintf_i.o)
                0x0800b5f0                _printf_i
 .text.std      0x0800b830       0x6c C:/Program Files/STM32CubeIDE_1.16.1/STM32CubeIDE/plugins/com.st.stm32cube.ide.mcu.externaltools.gnu-tools-for-stm32.12.3.rel1.win32_1.0.200.202406191623/tools/bin/../lib/gcc/arm-none-eabi/12.3.1/../../../../arm-none-eabi/lib/thumb/v7-m/nofp\libc_nano.a(libc_a-findfp.o)
 .text.stdio_exit_handler
                0x0800b89c       0x18 C:/Program Files/STM32CubeIDE_1.16.1/STM32CubeIDE/plugins/com.st.stm32cube.ide.mcu.externaltools.gnu-tools-for-stm32.12.3.rel1.win32_1.0.200.202406191623/tools/bin/../lib/gcc/arm-none-eabi/12.3.1/../../../../arm-none-eabi/lib/thumb/v7-m/nofp\libc_nano.a(libc_a-findfp.o)
 .text.cleanup_stdio
                0x0800b8b4       0x40 C:/Program Files/STM32CubeIDE_1.16.1/STM32CubeIDE/plugins/com.st.stm32cube.ide.mcu.externaltools.gnu-tools-for-stm32.12.3.rel1.win32_1.0.200.202406191623/tools/bin/../lib/gcc/arm-none-eabi/12.3.1/../../../../arm-none-eabi/lib/thumb/v7-m/nofp\libc_nano.a(libc_a-findfp.o)
 .text.global_stdio_init.part.0
                0x0800b8f4       0x3c C:/Program Files/STM32CubeIDE_1.16.1/STM32CubeIDE/plugins/com.st.stm32cube.ide.mcu.externaltools.gnu-tools-for-stm32.12.3.rel1.win32_1.0.200.202406191623/tools/bin/../lib/gcc/arm-none-eabi/12.3.1/../../../../arm-none-eabi/lib/thumb/v7-m/nofp\libc_nano.a(libc_a-findfp.o)
 .text.__sfp_lock_acquire
                0x0800b930        0xc C:/Program Files/STM32CubeIDE_1.16.1/STM32CubeIDE/plugins/com.st.stm32cube.ide.mcu.externaltools.gnu-tools-for-stm32.12.3.rel1.win32_1.0.200.202406191623/tools/bin/../lib/gcc/arm-none-eabi/12.3.1/../../../../arm-none-eabi/lib/thumb/v7-m/nofp\libc_nano.a(libc_a-findfp.o)
                0x0800b930                __sfp_lock_acquire
 .text.__sfp_lock_release
                0x0800b93c        0xc C:/Program Files/STM32CubeIDE_1.16.1/STM32CubeIDE/plugins/com.st.stm32cube.ide.mcu.externaltools.gnu-tools-for-stm32.12.3.rel1.win32_1.0.200.202406191623/tools/bin/../lib/gcc/arm-none-eabi/12.3.1/../../../../arm-none-eabi/lib/thumb/v7-m/nofp\libc_nano.a(libc_a-findfp.o)
                0x0800b93c                __sfp_lock_release
 .text.__sinit  0x0800b948       0x30 C:/Program Files/STM32CubeIDE_1.16.1/STM32CubeIDE/plugins/com.st.stm32cube.ide.mcu.externaltools.gnu-tools-for-stm32.12.3.rel1.win32_1.0.200.202406191623/tools/bin/../lib/gcc/arm-none-eabi/12.3.1/../../../../arm-none-eabi/lib/thumb/v7-m/nofp\libc_nano.a(libc_a-findfp.o)
                0x0800b948                __sinit
 .text._fwalk_sglue
                0x0800b978       0x3c C:/Program Files/STM32CubeIDE_1.16.1/STM32CubeIDE/plugins/com.st.stm32cube.ide.mcu.externaltools.gnu-tools-for-stm32.12.3.rel1.win32_1.0.200.202406191623/tools/bin/../lib/gcc/arm-none-eabi/12.3.1/../../../../arm-none-eabi/lib/thumb/v7-m/nofp\libc_nano.a(libc_a-fwalk.o)
                0x0800b978                _fwalk_sglue
 .text.sprintf  0x0800b9b4       0x40 C:/Program Files/STM32CubeIDE_1.16.1/STM32CubeIDE/plugins/com.st.stm32cube.ide.mcu.externaltools.gnu-tools-for-stm32.12.3.rel1.win32_1.0.200.202406191623/tools/bin/../lib/gcc/arm-none-eabi/12.3.1/../../../../arm-none-eabi/lib/thumb/v7-m/nofp\libc_nano.a(libc_a-sprintf.o)
                0x0800b9b4                siprintf
                0x0800b9b4                sprintf
 .text.__sread  0x0800b9f4       0x22 C:/Program Files/STM32CubeIDE_1.16.1/STM32CubeIDE/plugins/com.st.stm32cube.ide.mcu.externaltools.gnu-tools-for-stm32.12.3.rel1.win32_1.0.200.202406191623/tools/bin/../lib/gcc/arm-none-eabi/12.3.1/../../../../arm-none-eabi/lib/thumb/v7-m/nofp\libc_nano.a(libc_a-stdio.o)
                0x0800b9f4                __sread
 .text.__swrite
                0x0800ba16       0x38 C:/Program Files/STM32CubeIDE_1.16.1/STM32CubeIDE/plugins/com.st.stm32cube.ide.mcu.externaltools.gnu-tools-for-stm32.12.3.rel1.win32_1.0.200.202406191623/tools/bin/../lib/gcc/arm-none-eabi/12.3.1/../../../../arm-none-eabi/lib/thumb/v7-m/nofp\libc_nano.a(libc_a-stdio.o)
                0x0800ba16                __swrite
 .text.__sseek  0x0800ba4e       0x24 C:/Program Files/STM32CubeIDE_1.16.1/STM32CubeIDE/plugins/com.st.stm32cube.ide.mcu.externaltools.gnu-tools-for-stm32.12.3.rel1.win32_1.0.200.202406191623/tools/bin/../lib/gcc/arm-none-eabi/12.3.1/../../../../arm-none-eabi/lib/thumb/v7-m/nofp\libc_nano.a(libc_a-stdio.o)
                0x0800ba4e                __sseek
 .text.__sclose
                0x0800ba72        0x8 C:/Program Files/STM32CubeIDE_1.16.1/STM32CubeIDE/plugins/com.st.stm32cube.ide.mcu.externaltools.gnu-tools-for-stm32.12.3.rel1.win32_1.0.200.202406191623/tools/bin/../lib/gcc/arm-none-eabi/12.3.1/../../../../arm-none-eabi/lib/thumb/v7-m/nofp\libc_nano.a(libc_a-stdio.o)
                0x0800ba72                __sclose
 .text.memset   0x0800ba7a       0x10 C:/Program Files/STM32CubeIDE_1.16.1/STM32CubeIDE/plugins/com.st.stm32cube.ide.mcu.externaltools.gnu-tools-for-stm32.12.3.rel1.win32_1.0.200.202406191623/tools/bin/../lib/gcc/arm-none-eabi/12.3.1/../../../../arm-none-eabi/lib/thumb/v7-m/nofp\libc_nano.a(libc_a-memset.o)
                0x0800ba7a                memset
 *fill*         0x0800ba8a        0x2 
 .text._localeconv_r
                0x0800ba8c        0x8 C:/Program Files/STM32CubeIDE_1.16.1/STM32CubeIDE/plugins/com.st.stm32cube.ide.mcu.externaltools.gnu-tools-for-stm32.12.3.rel1.win32_1.0.200.202406191623/tools/bin/../lib/gcc/arm-none-eabi/12.3.1/../../../../arm-none-eabi/lib/thumb/v7-m/nofp\libc_nano.a(libc_a-localeconv.o)
                0x0800ba8c                _localeconv_r
 .text._close_r
                0x0800ba94       0x20 C:/Program Files/STM32CubeIDE_1.16.1/STM32CubeIDE/plugins/com.st.stm32cube.ide.mcu.externaltools.gnu-tools-for-stm32.12.3.rel1.win32_1.0.200.202406191623/tools/bin/../lib/gcc/arm-none-eabi/12.3.1/../../../../arm-none-eabi/lib/thumb/v7-m/nofp\libc_nano.a(libc_a-closer.o)
                0x0800ba94                _close_r
 .text._lseek_r
                0x0800bab4       0x24 C:/Program Files/STM32CubeIDE_1.16.1/STM32CubeIDE/plugins/com.st.stm32cube.ide.mcu.externaltools.gnu-tools-for-stm32.12.3.rel1.win32_1.0.200.202406191623/tools/bin/../lib/gcc/arm-none-eabi/12.3.1/../../../../arm-none-eabi/lib/thumb/v7-m/nofp\libc_nano.a(libc_a-lseekr.o)
                0x0800bab4                _lseek_r
 .text._read_r  0x0800bad8       0x24 C:/Program Files/STM32CubeIDE_1.16.1/STM32CubeIDE/plugins/com.st.stm32cube.ide.mcu.externaltools.gnu-tools-for-stm32.12.3.rel1.win32_1.0.200.202406191623/tools/bin/../lib/gcc/arm-none-eabi/12.3.1/../../../../arm-none-eabi/lib/thumb/v7-m/nofp\libc_nano.a(libc_a-readr.o)
                0x0800bad8                _read_r
 .text._write_r
                0x0800bafc       0x24 C:/Program Files/STM32CubeIDE_1.16.1/STM32CubeIDE/plugins/com.st.stm32cube.ide.mcu.externaltools.gnu-tools-for-stm32.12.3.rel1.win32_1.0.200.202406191623/tools/bin/../lib/gcc/arm-none-eabi/12.3.1/../../../../arm-none-eabi/lib/thumb/v7-m/nofp\libc_nano.a(libc_a-writer.o)
                0x0800bafc                _write_r
 .text.__errno  0x0800bb20        0xc C:/Program Files/STM32CubeIDE_1.16.1/STM32CubeIDE/plugins/com.st.stm32cube.ide.mcu.externaltools.gnu-tools-for-stm32.12.3.rel1.win32_1.0.200.202406191623/tools/bin/../lib/gcc/arm-none-eabi/12.3.1/../../../../arm-none-eabi/lib/thumb/v7-m/nofp\libc_nano.a(libc_a-errno.o)
                0x0800bb20                __errno
 .text.__libc_init_array
                0x0800bb2c       0x48 C:/Program Files/STM32CubeIDE_1.16.1/STM32CubeIDE/plugins/com.st.stm32cube.ide.mcu.externaltools.gnu-tools-for-stm32.12.3.rel1.win32_1.0.200.202406191623/tools/bin/../lib/gcc/arm-none-eabi/12.3.1/../../../../arm-none-eabi/lib/thumb/v7-m/nofp\libc_nano.a(libc_a-init.o)
                0x0800bb2c                __libc_init_array
 .text.__retarget_lock_init_recursive
                0x0800bb74        0x2 C:/Program Files/STM32CubeIDE_1.16.1/STM32CubeIDE/plugins/com.st.stm32cube.ide.mcu.externaltools.gnu-tools-for-stm32.12.3.rel1.win32_1.0.200.202406191623/tools/bin/../lib/gcc/arm-none-eabi/12.3.1/../../../../arm-none-eabi/lib/thumb/v7-m/nofp\libc_nano.a(libc_a-lock.o)
                0x0800bb74                __retarget_lock_init_recursive
 .text.__retarget_lock_acquire_recursive
                0x0800bb76        0x2 C:/Program Files/STM32CubeIDE_1.16.1/STM32CubeIDE/plugins/com.st.stm32cube.ide.mcu.externaltools.gnu-tools-for-stm32.12.3.rel1.win32_1.0.200.202406191623/tools/bin/../lib/gcc/arm-none-eabi/12.3.1/../../../../arm-none-eabi/lib/thumb/v7-m/nofp\libc_nano.a(libc_a-lock.o)
                0x0800bb76                __retarget_lock_acquire_recursive
 .text.__retarget_lock_release_recursive
                0x0800bb78        0x2 C:/Program Files/STM32CubeIDE_1.16.1/STM32CubeIDE/plugins/com.st.stm32cube.ide.mcu.externaltools.gnu-tools-for-stm32.12.3.rel1.win32_1.0.200.202406191623/tools/bin/../lib/gcc/arm-none-eabi/12.3.1/../../../../arm-none-eabi/lib/thumb/v7-m/nofp\libc_nano.a(libc_a-lock.o)
                0x0800bb78                __retarget_lock_release_recursive
 .text.memchr   0x0800bb7a       0x1c C:/Program Files/STM32CubeIDE_1.16.1/STM32CubeIDE/plugins/com.st.stm32cube.ide.mcu.externaltools.gnu-tools-for-stm32.12.3.rel1.win32_1.0.200.202406191623/tools/bin/../lib/gcc/arm-none-eabi/12.3.1/../../../../arm-none-eabi/lib/thumb/v7-m/nofp\libc_nano.a(libc_a-memchr-stub.o)
                0x0800bb7a                memchr
 .text.memcpy   0x0800bb96       0x1c C:/Program Files/STM32CubeIDE_1.16.1/STM32CubeIDE/plugins/com.st.stm32cube.ide.mcu.externaltools.gnu-tools-for-stm32.12.3.rel1.win32_1.0.200.202406191623/tools/bin/../lib/gcc/arm-none-eabi/12.3.1/../../../../arm-none-eabi/lib/thumb/v7-m/nofp\libc_nano.a(libc_a-memcpy-stub.o)
                0x0800bb96                memcpy
 .text.quorem   0x0800bbb2      0x110 C:/Program Files/STM32CubeIDE_1.16.1/STM32CubeIDE/plugins/com.st.stm32cube.ide.mcu.externaltools.gnu-tools-for-stm32.12.3.rel1.win32_1.0.200.202406191623/tools/bin/../lib/gcc/arm-none-eabi/12.3.1/../../../../arm-none-eabi/lib/thumb/v7-m/nofp\libc_nano.a(libc_a-dtoa.o)
 *fill*         0x0800bcc2        0x6 
 .text._dtoa_r  0x0800bcc8      0xb90 C:/Program Files/STM32CubeIDE_1.16.1/STM32CubeIDE/plugins/com.st.stm32cube.ide.mcu.externaltools.gnu-tools-for-stm32.12.3.rel1.win32_1.0.200.202406191623/tools/bin/../lib/gcc/arm-none-eabi/12.3.1/../../../../arm-none-eabi/lib/thumb/v7-m/nofp\libc_nano.a(libc_a-dtoa.o)
                0x0800bcc8                _dtoa_r
 .text._free_r  0x0800c858       0x90 C:/Program Files/STM32CubeIDE_1.16.1/STM32CubeIDE/plugins/com.st.stm32cube.ide.mcu.externaltools.gnu-tools-for-stm32.12.3.rel1.win32_1.0.200.202406191623/tools/bin/../lib/gcc/arm-none-eabi/12.3.1/../../../../arm-none-eabi/lib/thumb/v7-m/nofp\libc_nano.a(libc_a-freer.o)
                0x0800c858                _free_r
 .text.malloc   0x0800c8e8       0x10 C:/Program Files/STM32CubeIDE_1.16.1/STM32CubeIDE/plugins/com.st.stm32cube.ide.mcu.externaltools.gnu-tools-for-stm32.12.3.rel1.win32_1.0.200.202406191623/tools/bin/../lib/gcc/arm-none-eabi/12.3.1/../../../../arm-none-eabi/lib/thumb/v7-m/nofp\libc_nano.a(libc_a-malloc.o)
                0x0800c8e8                malloc
 .text.sbrk_aligned
                0x0800c8f8       0x44 C:/Program Files/STM32CubeIDE_1.16.1/STM32CubeIDE/plugins/com.st.stm32cube.ide.mcu.externaltools.gnu-tools-for-stm32.12.3.rel1.win32_1.0.200.202406191623/tools/bin/../lib/gcc/arm-none-eabi/12.3.1/../../../../arm-none-eabi/lib/thumb/v7-m/nofp\libc_nano.a(libc_a-mallocr.o)
 .text._malloc_r
                0x0800c93c      0x100 C:/Program Files/STM32CubeIDE_1.16.1/STM32CubeIDE/plugins/com.st.stm32cube.ide.mcu.externaltools.gnu-tools-for-stm32.12.3.rel1.win32_1.0.200.202406191623/tools/bin/../lib/gcc/arm-none-eabi/12.3.1/../../../../arm-none-eabi/lib/thumb/v7-m/nofp\libc_nano.a(libc_a-mallocr.o)
                0x0800c93c                _malloc_r
 .text.__malloc_lock
                0x0800ca3c        0xc C:/Program Files/STM32CubeIDE_1.16.1/STM32CubeIDE/plugins/com.st.stm32cube.ide.mcu.externaltools.gnu-tools-for-stm32.12.3.rel1.win32_1.0.200.202406191623/tools/bin/../lib/gcc/arm-none-eabi/12.3.1/../../../../arm-none-eabi/lib/thumb/v7-m/nofp\libc_nano.a(libc_a-mlock.o)
                0x0800ca3c                __malloc_lock
 .text.__malloc_unlock
                0x0800ca48        0xc C:/Program Files/STM32CubeIDE_1.16.1/STM32CubeIDE/plugins/com.st.stm32cube.ide.mcu.externaltools.gnu-tools-for-stm32.12.3.rel1.win32_1.0.200.202406191623/tools/bin/../lib/gcc/arm-none-eabi/12.3.1/../../../../arm-none-eabi/lib/thumb/v7-m/nofp\libc_nano.a(libc_a-mlock.o)
                0x0800ca48                __malloc_unlock
 .text._Balloc  0x0800ca54       0x80 C:/Program Files/STM32CubeIDE_1.16.1/STM32CubeIDE/plugins/com.st.stm32cube.ide.mcu.externaltools.gnu-tools-for-stm32.12.3.rel1.win32_1.0.200.202406191623/tools/bin/../lib/gcc/arm-none-eabi/12.3.1/../../../../arm-none-eabi/lib/thumb/v7-m/nofp\libc_nano.a(libc_a-mprec.o)
                0x0800ca54                _Balloc
 .text._Bfree   0x0800cad4       0x44 C:/Program Files/STM32CubeIDE_1.16.1/STM32CubeIDE/plugins/com.st.stm32cube.ide.mcu.externaltools.gnu-tools-for-stm32.12.3.rel1.win32_1.0.200.202406191623/tools/bin/../lib/gcc/arm-none-eabi/12.3.1/../../../../arm-none-eabi/lib/thumb/v7-m/nofp\libc_nano.a(libc_a-mprec.o)
                0x0800cad4                _Bfree
 .text.__multadd
                0x0800cb18       0x8c C:/Program Files/STM32CubeIDE_1.16.1/STM32CubeIDE/plugins/com.st.stm32cube.ide.mcu.externaltools.gnu-tools-for-stm32.12.3.rel1.win32_1.0.200.202406191623/tools/bin/../lib/gcc/arm-none-eabi/12.3.1/../../../../arm-none-eabi/lib/thumb/v7-m/nofp\libc_nano.a(libc_a-mprec.o)
                0x0800cb18                __multadd
 .text.__hi0bits
                0x0800cba4       0x3e C:/Program Files/STM32CubeIDE_1.16.1/STM32CubeIDE/plugins/com.st.stm32cube.ide.mcu.externaltools.gnu-tools-for-stm32.12.3.rel1.win32_1.0.200.202406191623/tools/bin/../lib/gcc/arm-none-eabi/12.3.1/../../../../arm-none-eabi/lib/thumb/v7-m/nofp\libc_nano.a(libc_a-mprec.o)
                0x0800cba4                __hi0bits
 .text.__lo0bits
                0x0800cbe2       0x5a C:/Program Files/STM32CubeIDE_1.16.1/STM32CubeIDE/plugins/com.st.stm32cube.ide.mcu.externaltools.gnu-tools-for-stm32.12.3.rel1.win32_1.0.200.202406191623/tools/bin/../lib/gcc/arm-none-eabi/12.3.1/../../../../arm-none-eabi/lib/thumb/v7-m/nofp\libc_nano.a(libc_a-mprec.o)
                0x0800cbe2                __lo0bits
 .text.__i2b    0x0800cc3c       0x2c C:/Program Files/STM32CubeIDE_1.16.1/STM32CubeIDE/plugins/com.st.stm32cube.ide.mcu.externaltools.gnu-tools-for-stm32.12.3.rel1.win32_1.0.200.202406191623/tools/bin/../lib/gcc/arm-none-eabi/12.3.1/../../../../arm-none-eabi/lib/thumb/v7-m/nofp\libc_nano.a(libc_a-mprec.o)
                0x0800cc3c                __i2b
 .text.__multiply
                0x0800cc68      0x150 C:/Program Files/STM32CubeIDE_1.16.1/STM32CubeIDE/plugins/com.st.stm32cube.ide.mcu.externaltools.gnu-tools-for-stm32.12.3.rel1.win32_1.0.200.202406191623/tools/bin/../lib/gcc/arm-none-eabi/12.3.1/../../../../arm-none-eabi/lib/thumb/v7-m/nofp\libc_nano.a(libc_a-mprec.o)
                0x0800cc68                __multiply
 .text.__pow5mult
                0x0800cdb8       0xb4 C:/Program Files/STM32CubeIDE_1.16.1/STM32CubeIDE/plugins/com.st.stm32cube.ide.mcu.externaltools.gnu-tools-for-stm32.12.3.rel1.win32_1.0.200.202406191623/tools/bin/../lib/gcc/arm-none-eabi/12.3.1/../../../../arm-none-eabi/lib/thumb/v7-m/nofp\libc_nano.a(libc_a-mprec.o)
                0x0800cdb8                __pow5mult
 .text.__lshift
                0x0800ce6c       0xd8 C:/Program Files/STM32CubeIDE_1.16.1/STM32CubeIDE/plugins/com.st.stm32cube.ide.mcu.externaltools.gnu-tools-for-stm32.12.3.rel1.win32_1.0.200.202406191623/tools/bin/../lib/gcc/arm-none-eabi/12.3.1/../../../../arm-none-eabi/lib/thumb/v7-m/nofp\libc_nano.a(libc_a-mprec.o)
                0x0800ce6c                __lshift
 .text.__mcmp   0x0800cf44       0x36 C:/Program Files/STM32CubeIDE_1.16.1/STM32CubeIDE/plugins/com.st.stm32cube.ide.mcu.externaltools.gnu-tools-for-stm32.12.3.rel1.win32_1.0.200.202406191623/tools/bin/../lib/gcc/arm-none-eabi/12.3.1/../../../../arm-none-eabi/lib/thumb/v7-m/nofp\libc_nano.a(libc_a-mprec.o)
                0x0800cf44                __mcmp
 *fill*         0x0800cf7a        0x2 
 .text.__mdiff  0x0800cf7c      0x128 C:/Program Files/STM32CubeIDE_1.16.1/STM32CubeIDE/plugins/com.st.stm32cube.ide.mcu.externaltools.gnu-tools-for-stm32.12.3.rel1.win32_1.0.200.202406191623/tools/bin/../lib/gcc/arm-none-eabi/12.3.1/../../../../arm-none-eabi/lib/thumb/v7-m/nofp\libc_nano.a(libc_a-mprec.o)
                0x0800cf7c                __mdiff
 .text.__d2b    0x0800d0a4       0xb0 C:/Program Files/STM32CubeIDE_1.16.1/STM32CubeIDE/plugins/com.st.stm32cube.ide.mcu.externaltools.gnu-tools-for-stm32.12.3.rel1.win32_1.0.200.202406191623/tools/bin/../lib/gcc/arm-none-eabi/12.3.1/../../../../arm-none-eabi/lib/thumb/v7-m/nofp\libc_nano.a(libc_a-mprec.o)
                0x0800d0a4                __d2b
 .text.__ssputs_r
                0x0800d154       0xb6 C:/Program Files/STM32CubeIDE_1.16.1/STM32CubeIDE/plugins/com.st.stm32cube.ide.mcu.externaltools.gnu-tools-for-stm32.12.3.rel1.win32_1.0.200.202406191623/tools/bin/../lib/gcc/arm-none-eabi/12.3.1/../../../../arm-none-eabi/lib/thumb/v7-m/nofp\libc_nano.a(libc_a-nano-svfprintf.o)
                0x0800d154                __ssputs_r
 *fill*         0x0800d20a        0x2 
 .text._svfprintf_r
                0x0800d20c      0x1f8 C:/Program Files/STM32CubeIDE_1.16.1/STM32CubeIDE/plugins/com.st.stm32cube.ide.mcu.externaltools.gnu-tools-for-stm32.12.3.rel1.win32_1.0.200.202406191623/tools/bin/../lib/gcc/arm-none-eabi/12.3.1/../../../../arm-none-eabi/lib/thumb/v7-m/nofp\libc_nano.a(libc_a-nano-svfprintf.o)
                0x0800d20c                _svfiprintf_r
                0x0800d20c                _svfprintf_r
 .text.__sflush_r
                0x0800d404      0x100 C:/Program Files/STM32CubeIDE_1.16.1/STM32CubeIDE/plugins/com.st.stm32cube.ide.mcu.externaltools.gnu-tools-for-stm32.12.3.rel1.win32_1.0.200.202406191623/tools/bin/../lib/gcc/arm-none-eabi/12.3.1/../../../../arm-none-eabi/lib/thumb/v7-m/nofp\libc_nano.a(libc_a-fflush.o)
                0x0800d404                __sflush_r
 .text._fflush_r
                0x0800d504       0x50 C:/Program Files/STM32CubeIDE_1.16.1/STM32CubeIDE/plugins/com.st.stm32cube.ide.mcu.externaltools.gnu-tools-for-stm32.12.3.rel1.win32_1.0.200.202406191623/tools/bin/../lib/gcc/arm-none-eabi/12.3.1/../../../../arm-none-eabi/lib/thumb/v7-m/nofp\libc_nano.a(libc_a-fflush.o)
                0x0800d504                _fflush_r
 .text.memmove  0x0800d554       0x34 C:/Program Files/STM32CubeIDE_1.16.1/STM32CubeIDE/plugins/com.st.stm32cube.ide.mcu.externaltools.gnu-tools-for-stm32.12.3.rel1.win32_1.0.200.202406191623/tools/bin/../lib/gcc/arm-none-eabi/12.3.1/../../../../arm-none-eabi/lib/thumb/v7-m/nofp\libc_nano.a(libc_a-memmove.o)
                0x0800d554                memmove
 .text._sbrk_r  0x0800d588       0x20 C:/Program Files/STM32CubeIDE_1.16.1/STM32CubeIDE/plugins/com.st.stm32cube.ide.mcu.externaltools.gnu-tools-for-stm32.12.3.rel1.win32_1.0.200.202406191623/tools/bin/../lib/gcc/arm-none-eabi/12.3.1/../../../../arm-none-eabi/lib/thumb/v7-m/nofp\libc_nano.a(libc_a-sbrkr.o)
                0x0800d588                _sbrk_r
 .text.__assert_func
                0x0800d5a8       0x3c C:/Program Files/STM32CubeIDE_1.16.1/STM32CubeIDE/plugins/com.st.stm32cube.ide.mcu.externaltools.gnu-tools-for-stm32.12.3.rel1.win32_1.0.200.202406191623/tools/bin/../lib/gcc/arm-none-eabi/12.3.1/../../../../arm-none-eabi/lib/thumb/v7-m/nofp\libc_nano.a(libc_a-assert.o)
                0x0800d5a8                __assert_func
 .text._calloc_r
                0x0800d5e4       0x28 C:/Program Files/STM32CubeIDE_1.16.1/STM32CubeIDE/plugins/com.st.stm32cube.ide.mcu.externaltools.gnu-tools-for-stm32.12.3.rel1.win32_1.0.200.202406191623/tools/bin/../lib/gcc/arm-none-eabi/12.3.1/../../../../arm-none-eabi/lib/thumb/v7-m/nofp\libc_nano.a(libc_a-callocr.o)
                0x0800d5e4                _calloc_r
 .text.__ascii_mbtowc
                0x0800d60c       0x24 C:/Program Files/STM32CubeIDE_1.16.1/STM32CubeIDE/plugins/com.st.stm32cube.ide.mcu.externaltools.gnu-tools-for-stm32.12.3.rel1.win32_1.0.200.202406191623/tools/bin/../lib/gcc/arm-none-eabi/12.3.1/../../../../arm-none-eabi/lib/thumb/v7-m/nofp\libc_nano.a(libc_a-mbtowc_r.o)
                0x0800d60c                __ascii_mbtowc
 .text._realloc_r
                0x0800d630       0x5c C:/Program Files/STM32CubeIDE_1.16.1/STM32CubeIDE/plugins/com.st.stm32cube.ide.mcu.externaltools.gnu-tools-for-stm32.12.3.rel1.win32_1.0.200.202406191623/tools/bin/../lib/gcc/arm-none-eabi/12.3.1/../../../../arm-none-eabi/lib/thumb/v7-m/nofp\libc_nano.a(libc_a-reallocr.o)
                0x0800d630                _realloc_r
 .text.__ascii_wctomb
                0x0800d68c       0x1a C:/Program Files/STM32CubeIDE_1.16.1/STM32CubeIDE/plugins/com.st.stm32cube.ide.mcu.externaltools.gnu-tools-for-stm32.12.3.rel1.win32_1.0.200.202406191623/tools/bin/../lib/gcc/arm-none-eabi/12.3.1/../../../../arm-none-eabi/lib/thumb/v7-m/nofp\libc_nano.a(libc_a-wctomb_r.o)
                0x0800d68c                __ascii_wctomb
 *fill*         0x0800d6a6        0x2 
 .text.fprintf  0x0800d6a8       0x24 C:/Program Files/STM32CubeIDE_1.16.1/STM32CubeIDE/plugins/com.st.stm32cube.ide.mcu.externaltools.gnu-tools-for-stm32.12.3.rel1.win32_1.0.200.202406191623/tools/bin/../lib/gcc/arm-none-eabi/12.3.1/../../../../arm-none-eabi/lib/thumb/v7-m/nofp\libc_nano.a(libc_a-fprintf.o)
                0x0800d6a8                fiprintf
                0x0800d6a8                fprintf
 .text.abort    0x0800d6cc        0xe C:/Program Files/STM32CubeIDE_1.16.1/STM32CubeIDE/plugins/com.st.stm32cube.ide.mcu.externaltools.gnu-tools-for-stm32.12.3.rel1.win32_1.0.200.202406191623/tools/bin/../lib/gcc/arm-none-eabi/12.3.1/../../../../arm-none-eabi/lib/thumb/v7-m/nofp\libc_nano.a(libc_a-abort.o)
                0x0800d6cc                abort
 .text._malloc_usable_size_r
                0x0800d6da       0x10 C:/Program Files/STM32CubeIDE_1.16.1/STM32CubeIDE/plugins/com.st.stm32cube.ide.mcu.externaltools.gnu-tools-for-stm32.12.3.rel1.win32_1.0.200.202406191623/tools/bin/../lib/gcc/arm-none-eabi/12.3.1/../../../../arm-none-eabi/lib/thumb/v7-m/nofp\libc_nano.a(libc_a-msizer.o)
                0x0800d6da                _malloc_usable_size_r
 .text.__sfputc_r
                0x0800d6ea       0x2a C:/Program Files/STM32CubeIDE_1.16.1/STM32CubeIDE/plugins/com.st.stm32cube.ide.mcu.externaltools.gnu-tools-for-stm32.12.3.rel1.win32_1.0.200.202406191623/tools/bin/../lib/gcc/arm-none-eabi/12.3.1/../../../../arm-none-eabi/lib/thumb/v7-m/nofp\libc_nano.a(libc_a-nano-vfprintf.o)
 .text.__sfputs_r
                0x0800d714       0x24 C:/Program Files/STM32CubeIDE_1.16.1/STM32CubeIDE/plugins/com.st.stm32cube.ide.mcu.externaltools.gnu-tools-for-stm32.12.3.rel1.win32_1.0.200.202406191623/tools/bin/../lib/gcc/arm-none-eabi/12.3.1/../../../../arm-none-eabi/lib/thumb/v7-m/nofp\libc_nano.a(libc_a-nano-vfprintf.o)
                0x0800d714                __sfputs_r
 .text._vfprintf_r
                0x0800d738      0x230 C:/Program Files/STM32CubeIDE_1.16.1/STM32CubeIDE/plugins/com.st.stm32cube.ide.mcu.externaltools.gnu-tools-for-stm32.12.3.rel1.win32_1.0.200.202406191623/tools/bin/../lib/gcc/arm-none-eabi/12.3.1/../../../../arm-none-eabi/lib/thumb/v7-m/nofp\libc_nano.a(libc_a-nano-vfprintf.o)
                0x0800d738                _vfprintf_r
                0x0800d738                _vfiprintf_r
 .text.__swbuf_r
                0x0800d968       0x7c C:/Program Files/STM32CubeIDE_1.16.1/STM32CubeIDE/plugins/com.st.stm32cube.ide.mcu.externaltools.gnu-tools-for-stm32.12.3.rel1.win32_1.0.200.202406191623/tools/bin/../lib/gcc/arm-none-eabi/12.3.1/../../../../arm-none-eabi/lib/thumb/v7-m/nofp\libc_nano.a(libc_a-wbuf.o)
                0x0800d968                __swbuf_r
 .text.__swsetup_r
                0x0800d9e4       0xac C:/Program Files/STM32CubeIDE_1.16.1/STM32CubeIDE/plugins/com.st.stm32cube.ide.mcu.externaltools.gnu-tools-for-stm32.12.3.rel1.win32_1.0.200.202406191623/tools/bin/../lib/gcc/arm-none-eabi/12.3.1/../../../../arm-none-eabi/lib/thumb/v7-m/nofp\libc_nano.a(libc_a-wsetup.o)
                0x0800d9e4                __swsetup_r
 .text._raise_r
                0x0800da90       0x50 C:/Program Files/STM32CubeIDE_1.16.1/STM32CubeIDE/plugins/com.st.stm32cube.ide.mcu.externaltools.gnu-tools-for-stm32.12.3.rel1.win32_1.0.200.202406191623/tools/bin/../lib/gcc/arm-none-eabi/12.3.1/../../../../arm-none-eabi/lib/thumb/v7-m/nofp\libc_nano.a(libc_a-signal.o)
                0x0800da90                _raise_r
 .text.raise    0x0800dae0       0x10 C:/Program Files/STM32CubeIDE_1.16.1/STM32CubeIDE/plugins/com.st.stm32cube.ide.mcu.externaltools.gnu-tools-for-stm32.12.3.rel1.win32_1.0.200.202406191623/tools/bin/../lib/gcc/arm-none-eabi/12.3.1/../../../../arm-none-eabi/lib/thumb/v7-m/nofp\libc_nano.a(libc_a-signal.o)
                0x0800dae0                raise
 .text._kill_r  0x0800daf0       0x24 C:/Program Files/STM32CubeIDE_1.16.1/STM32CubeIDE/plugins/com.st.stm32cube.ide.mcu.externaltools.gnu-tools-for-stm32.12.3.rel1.win32_1.0.200.202406191623/tools/bin/../lib/gcc/arm-none-eabi/12.3.1/../../../../arm-none-eabi/lib/thumb/v7-m/nofp\libc_nano.a(libc_a-signalr.o)
                0x0800daf0                _kill_r
 .text._getpid_r
                0x0800db14        0x4 C:/Program Files/STM32CubeIDE_1.16.1/STM32CubeIDE/plugins/com.st.stm32cube.ide.mcu.externaltools.gnu-tools-for-stm32.12.3.rel1.win32_1.0.200.202406191623/tools/bin/../lib/gcc/arm-none-eabi/12.3.1/../../../../arm-none-eabi/lib/thumb/v7-m/nofp\libc_nano.a(libc_a-signalr.o)
                0x0800db14                _getpid_r
 .text.__swhatbuf_r
                0x0800db18       0x4a C:/Program Files/STM32CubeIDE_1.16.1/STM32CubeIDE/plugins/com.st.stm32cube.ide.mcu.externaltools.gnu-tools-for-stm32.12.3.rel1.win32_1.0.200.202406191623/tools/bin/../lib/gcc/arm-none-eabi/12.3.1/../../../../arm-none-eabi/lib/thumb/v7-m/nofp\libc_nano.a(libc_a-makebuf.o)
                0x0800db18                __swhatbuf_r
 .text.__smakebuf_r
                0x0800db62       0x78 C:/Program Files/STM32CubeIDE_1.16.1/STM32CubeIDE/plugins/com.st.stm32cube.ide.mcu.externaltools.gnu-tools-for-stm32.12.3.rel1.win32_1.0.200.202406191623/tools/bin/../lib/gcc/arm-none-eabi/12.3.1/../../../../arm-none-eabi/lib/thumb/v7-m/nofp\libc_nano.a(libc_a-makebuf.o)
                0x0800db62                __smakebuf_r
 *fill*         0x0800dbda        0x2 
 .text._fstat_r
                0x0800dbdc       0x24 C:/Program Files/STM32CubeIDE_1.16.1/STM32CubeIDE/plugins/com.st.stm32cube.ide.mcu.externaltools.gnu-tools-for-stm32.12.3.rel1.win32_1.0.200.202406191623/tools/bin/../lib/gcc/arm-none-eabi/12.3.1/../../../../arm-none-eabi/lib/thumb/v7-m/nofp\libc_nano.a(libc_a-fstatr.o)
                0x0800dbdc                _fstat_r
 .text._isatty_r
                0x0800dc00       0x20 C:/Program Files/STM32CubeIDE_1.16.1/STM32CubeIDE/plugins/com.st.stm32cube.ide.mcu.externaltools.gnu-tools-for-stm32.12.3.rel1.win32_1.0.200.202406191623/tools/bin/../lib/gcc/arm-none-eabi/12.3.1/../../../../arm-none-eabi/lib/thumb/v7-m/nofp\libc_nano.a(libc_a-isattyr.o)
                0x0800dc00                _isatty_r
 *(.glue_7)
 .glue_7        0x0800dc20        0x0 linker stubs
 *(.glue_7t)
 .glue_7t       0x0800dc20        0x0 linker stubs
 *(.eh_frame)
 .eh_frame      0x0800dc20        0x0 C:/Program Files/STM32CubeIDE_1.16.1/STM32CubeIDE/plugins/com.st.stm32cube.ide.mcu.externaltools.gnu-tools-for-stm32.12.3.rel1.win32_1.0.200.202406191623/tools/bin/../lib/gcc/arm-none-eabi/12.3.1/thumb/v7-m/nofp/crtbegin.o
 *(.init)
 .init          0x0800dc20        0x4 C:/Program Files/STM32CubeIDE_1.16.1/STM32CubeIDE/plugins/com.st.stm32cube.ide.mcu.externaltools.gnu-tools-for-stm32.12.3.rel1.win32_1.0.200.202406191623/tools/bin/../lib/gcc/arm-none-eabi/12.3.1/thumb/v7-m/nofp/crti.o
                0x0800dc20                _init
 .init          0x0800dc24        0x8 C:/Program Files/STM32CubeIDE_1.16.1/STM32CubeIDE/plugins/com.st.stm32cube.ide.mcu.externaltools.gnu-tools-for-stm32.12.3.rel1.win32_1.0.200.202406191623/tools/bin/../lib/gcc/arm-none-eabi/12.3.1/thumb/v7-m/nofp/crtn.o
 *(.fini)
 .fini          0x0800dc2c        0x4 C:/Program Files/STM32CubeIDE_1.16.1/STM32CubeIDE/plugins/com.st.stm32cube.ide.mcu.externaltools.gnu-tools-for-stm32.12.3.rel1.win32_1.0.200.202406191623/tools/bin/../lib/gcc/arm-none-eabi/12.3.1/thumb/v7-m/nofp/crti.o
                0x0800dc2c                _fini
 .fini          0x0800dc30        0x8 C:/Program Files/STM32CubeIDE_1.16.1/STM32CubeIDE/plugins/com.st.stm32cube.ide.mcu.externaltools.gnu-tools-for-stm32.12.3.rel1.win32_1.0.200.202406191623/tools/bin/../lib/gcc/arm-none-eabi/12.3.1/thumb/v7-m/nofp/crtn.o
                0x0800dc38                        . = ALIGN (0x4)
                0x0800dc38                        _etext = .

.vfp11_veneer   0x0800dc38        0x0
 .vfp11_veneer  0x0800dc38        0x0 linker stubs

.v4_bx          0x0800dc38        0x0
 .v4_bx         0x0800dc38        0x0 linker stubs

.iplt           0x0800dc38        0x0
 .iplt          0x0800dc38        0x0 C:/Program Files/STM32CubeIDE_1.16.1/STM32CubeIDE/plugins/com.st.stm32cube.ide.mcu.externaltools.gnu-tools-for-stm32.12.3.rel1.win32_1.0.200.202406191623/tools/bin/../lib/gcc/arm-none-eabi/12.3.1/thumb/v7-m/nofp/crtbegin.o

.rodata         0x0800dc38      0xc88
                0x0800dc38                        . = ALIGN (0x4)
 *(.rodata)
 .rodata        0x0800dc38       0xde ./Bsp/OLED/bsp_oled.o
 *fill*         0x0800dd16        0x2 
 .rodata        0x0800dd18       0x27 ./Bsp/Task/bsp_task.o