../Drivers/STM32F1xx_HAL_Driver/Inc/stm32f1xx_ll_i2c.h:1310:26:LL_I2C_IsActiveFlag_BUSY	16	static
../Drivers/STM32F1xx_HAL_Driver/Inc/stm32f1xx_ll_i2c.h:1566:22:LL_I2C_GenerateStartCondition	16	static
../Drivers/STM32F1xx_HAL_Driver/Inc/stm32f1xx_ll_i2c.h:1577:22:LL_I2C_GenerateStopCondition	16	static
../Drivers/STM32F1xx_HAL_Driver/Inc/stm32f1xx_ll_i2c.h:1739:22:LL_I2C_TransmitData8	16	static
../Bsp/OLED/bsp_oled.c:23:6:I2C_WriteByte	16	static
../Bsp/OLED/bsp_oled.c:44:6:OLED_Init	8	static
../Bsp/OLED/bsp_oled.c:94:6:SSD1306_UpdateScreen	16	static
../Bsp/OLED/bsp_oled.c:113:6:SSD1306_Fill	16	static
../Bsp/OLED/bsp_oled.c:119:6:SSD1306_DrawPixel	16	static
../Bsp/OLED/bsp_oled.c:145:6:SSD1306_GotoXY	16	static
../Bsp/OLED/bsp_oled.c:151:6:SSD1306_Putc	32	static
../Bsp/OLED/bsp_oled.c:185:6:SSD1306_Puts	24	static
../Bsp/OLED/bsp_oled.c:206:6:OLED_ON	8	static
../Bsp/OLED/bsp_oled.c:214:6:OLED_OFF	8	static
../Bsp/OLED/bsp_oled.c:222:6:OLED_Clear	8	static
../Bsp/OLED/bsp_oled.c:228:6:OLED_Refresh	8	static
../Bsp/OLED/bsp_oled.c:234:6:OLED_Draw_String	16	static
../Bsp/OLED/bsp_oled.c:245:6:OLED_Draw_Line	24	static
../Bsp/OLED/bsp_oled.c:253:6:SSD1306_DrawLine	40	static
../Bsp/OLED/bsp_oled.c:355:6:OLED_QuickChat	16	static
