../Bsp/motor/app_motor.c:35:14:Motion_Get_Circle_Pulse	4	static
../Bsp/motor/app_motor.c:41:7:Motion_Get_Data	16	static
../Bsp/motor/app_motor.c:53:6:Motion_Get_Motor_Speed	24	static
../Bsp/motor/app_motor.c:62:6:Motion_Set_Yaw_Adjust	16	static
../Bsp/motor/app_motor.c:79:9:Motion_Get_Yaw_Adjust	4	static
../Bsp/motor/app_motor.c:85:6:Motion_Set_Pwm	24	static
../Bsp/motor/app_motor.c:106:6:Motion_Stop	16	static
../Bsp/motor/app_motor.c:116:6:Motion_Set_Speed	32	static
../Bsp/motor/app_motor.c:130:6:Motion_Yaw_Calc	16	static
../Bsp/motor/app_motor.c:135:6:Wheel_Yaw_Calc	40	static
../Bsp/motor/app_motor.c:165:6:Motion_Get_Speed	48	static
../Bsp/motor/app_motor.c:196:7:Motion_Get_APB	4	static
../Bsp/motor/app_motor.c:202:7:Motion_Get_Circle_MM	4	static
../Bsp/motor/app_motor.c:208:6:Motion_Get_Encoder	16	static
../Bsp/motor/app_motor.c:222:6:Motion_Ctrl	16	static
../Bsp/motor/app_motor.c:227:6:Motion_Ctrl_State	24	static
../Bsp/motor/app_motor.c:236:6:wheel_State_YAW	16	static
../Bsp/motor/app_motor.c:277:6:wheel_State	16	static
../Bsp/motor/app_motor.c:316:6:wheel_Ctrl	24	static
../Bsp/motor/app_motor.c:355:6:Motion_Handle	24	static
../Bsp/motor/app_motor.c:365:6:updateMotorState	16	static
