../Bsp/PS2/bsp_ps2.c:31:6:PS2_Cmd	24	static
../Bsp/PS2/bsp_ps2.c:58:9:PS2_RedLight	8	static
../Bsp/PS2/bsp_ps2.c:74:6:PS2_ReadData	16	static
../Bsp/PS2/bsp_ps2.c:103:9:PS2_DataKey	16	static
../Bsp/PS2/bsp_ps2.c:121:9:PS2_AnologData	16	static
../Bsp/PS2/bsp_ps2.c:126:6:PS2_ClearData	16	static
../Bsp/PS2/bsp_ps2.c:139:6:PS2_Vibration	16	static
../Bsp/PS2/bsp_ps2.c:160:6:PS2_ShortPoll	8	static
../Bsp/PS2/bsp_ps2.c:177:6:PS2_EnterConfing	8	static
../Bsp/PS2/bsp_ps2.c:198:6:PS2_TurnOnAnalogMode	8	static
../Bsp/PS2/bsp_ps2.c:219:6:PS2_VibrationMode	8	static
../Bsp/PS2/bsp_ps2.c:236:6:PS2_ExitConfing	8	static
../Bsp/PS2/bsp_ps2.c:257:6:PS2_SetInit	8	static
